[    0.000000] Initializing cgroup subsys cpuset
[    0.000000] Initializing cgroup subsys cpu
[    0.000000] Initializing cgroup subsys cpuacct
[    0.000000] Linux version 4.4.0-159-generic (buildd@lgw01-amd64-042) (gcc version 5.4.0 20160609 (Ubuntu 5.4.0-6ubuntu1~16.04.10) ) #187-Ubuntu SMP Thu Aug 1 16:28:06 UTC 2019 (Ubuntu 4.4.0-159.187-generic 4.4.185)
[    0.000000] Command line: BOOT_IMAGE=/boot/vmlinuz-4.4.0-159-generic root=LABEL=cloudimg-rootfs ro console=tty1 console=ttyS0
[    0.000000] KERNEL supported cpus:
[    0.000000]   Intel GenuineIntel
[    0.000000]   AMD AuthenticAMD
[    0.000000]   Centaur CentaurHauls
[    0.000000] x86/fpu: Legacy x87 FPU detected.
[    0.000000] e820: BIOS-provided physical RAM map:
[    0.000000] BIOS-e820: [mem 0x0000000000000000-0x000000000009fbff] usable
[    0.000000] BIOS-e820: [mem 0x000000000009fc00-0x000000000009ffff] reserved
[    0.000000] BIOS-e820: [mem 0x00000000000f0000-0x00000000000fffff] reserved
[    0.000000] BIOS-e820: [mem 0x0000000000100000-0x000000002cfeffff] usable
[    0.000000] BIOS-e820: [mem 0x000000002cff0000-0x000000002cffffff] ACPI data
[    0.000000] BIOS-e820: [mem 0x00000000fec00000-0x00000000fec00fff] reserved
[    0.000000] BIOS-e820: [mem 0x00000000fee00000-0x00000000fee00fff] reserved
[    0.000000] BIOS-e820: [mem 0x00000000fffc0000-0x00000000ffffffff] reserved
[    0.000000] NX (Execute Disable) protection: active
[    0.000000] SMBIOS 2.5 present.
[    0.000000] Hypervisor detected: KVM
[    0.000000] e820: last_pfn = 0x2cff0 max_arch_pfn = 0x400000000
[    0.000000] MTRR: Disabled
[    0.000000] x86/PAT: MTRRs disabled, skipping PAT initialization too.
[    0.000000] CPU MTRRs all blank - virtualized system.
[    0.000000] x86/PAT: Configuration [0-7]: WB  WT  UC- UC  WB  WT  UC- UC  
[    0.000000] found SMP MP-table at [mem 0x0009fff0-0x0009ffff] mapped at [ffff88000009fff0]
[    0.000000] Scanning 1 areas for low memory corruption
[    0.000000] RAMDISK: [mem 0x2b99f000-0x2c81afff]
[    0.000000] ACPI: Early table checksum verification disabled
[    0.000000] ACPI: RSDP 0x00000000000E0000 000024 (v02 VBOX  )
[    0.000000] ACPI: XSDT 0x000000002CFF0030 00003C (v01 VBOX   VBOXXSDT 00000001 ASL  00000061)
[    0.000000] ACPI: FACP 0x000000002CFF00F0 0000F4 (v04 VBOX   VBOXFACP 00000001 ASL  00000061)
[    0.000000] ACPI: DSDT 0x000000002CFF0470 0021FF (v02 VBOX   VBOXBIOS 00000002 INTL 20180105)
[    0.000000] ACPI: FACS 0x000000002CFF0200 000040
[    0.000000] ACPI: FACS 0x000000002CFF0200 000040
[    0.000000] ACPI: APIC 0x000000002CFF0240 000054 (v02 VBOX   VBOXAPIC 00000001 ASL  00000061)
[    0.000000] ACPI: SSDT 0x000000002CFF02A0 0001CC (v01 VBOX   VBOXCPUT 00000002 INTL 20180105)
[    0.000000] No NUMA configuration found
[    0.000000] Faking a node at [mem 0x0000000000000000-0x000000002cfeffff]
[    0.000000] NODE_DATA(0) allocated [mem 0x2cfeb000-0x2cfeffff]
[    0.000000] kvm-clock: Using msrs 4b564d01 and 4b564d00
[    0.000000] kvm-clock: cpu 0, msr 0:2cfe3001, primary cpu clock
[    0.000000] kvm-clock: using sched offset of 6017728847 cycles
[    0.000000] clocksource: kvm-clock: mask: 0xffffffffffffffff max_cycles: 0x1cd42e4dffb, max_idle_ns: 881590591483 ns
[    0.000000] Zone ranges:
[    0.000000]   DMA      [mem 0x0000000000001000-0x0000000000ffffff]
[    0.000000]   DMA32    [mem 0x0000000001000000-0x000000002cfeffff]
[    0.000000]   Normal   empty
[    0.000000]   Device   empty
[    0.000000] Movable zone start for each node
[    0.000000] Early memory node ranges
[    0.000000]   node   0: [mem 0x0000000000001000-0x000000000009efff]
[    0.000000]   node   0: [mem 0x0000000000100000-0x000000002cfeffff]
[    0.000000] Initmem setup node 0 [mem 0x0000000000001000-0x000000002cfeffff]
[    0.000000] ACPI: PM-Timer IO Port: 0x4008
[    0.000000] IOAPIC[0]: apic_id 1, version 32, address 0xfec00000, GSI 0-23
[    0.000000] ACPI: INT_SRC_OVR (bus 0 bus_irq 0 global_irq 2 dfl dfl)
[    0.000000] ACPI: INT_SRC_OVR (bus 0 bus_irq 9 global_irq 9 low level)
[    0.000000] Using ACPI (MADT) for SMP configuration information
[    0.000000] smpboot: Allowing 1 CPUs, 0 hotplug CPUs
[    0.000000] PM: Registered nosave memory: [mem 0x00000000-0x00000fff]
[    0.000000] PM: Registered nosave memory: [mem 0x0009f000-0x0009ffff]
[    0.000000] PM: Registered nosave memory: [mem 0x000a0000-0x000effff]
[    0.000000] PM: Registered nosave memory: [mem 0x000f0000-0x000fffff]
[    0.000000] e820: [mem 0x2d000000-0xfebfffff] available for PCI devices
[    0.000000] Booting paravirtualized kernel on KVM
[    0.000000] clocksource: refined-jiffies: mask: 0xffffffff max_cycles: 0xffffffff, max_idle_ns: 7645519600211568 ns
[    0.000000] setup_percpu: NR_CPUS:512 nr_cpumask_bits:512 nr_cpu_ids:1 nr_node_ids:1
[    0.000000] PERCPU: Embedded 34 pages/cpu @ffff88002cc00000 s99544 r8192 d31528 u2097152
[    0.000000] Built 1 zonelists in Node order, mobility grouping on.  Total pages: 181304
[    0.000000] Policy zone: DMA32
[    0.000000] Kernel command line: BOOT_IMAGE=/boot/vmlinuz-4.4.0-159-generic root=LABEL=cloudimg-rootfs ro console=tty1 console=ttyS0
[    0.000000] PID hash table entries: 4096 (order: 3, 32768 bytes)
[    0.000000] Memory: 690660K/736824K available (8618K kernel code, 1335K rwdata, 4032K rodata, 1488K init, 1284K bss, 46164K reserved, 0K cma-reserved)
[    0.000000] SLUB: HWalign=64, Order=0-3, MinObjects=0, CPUs=1, Nodes=1
[    0.000000] Kernel/User page tables isolation: enabled
[    0.000000] Hierarchical RCU implementation.
[    0.000000] 	Build-time adjustment of leaf fanout to 64.
[    0.000000] 	RCU restricting CPUs from NR_CPUS=512 to nr_cpu_ids=1.
[    0.000000] RCU: Adjusting geometry for rcu_fanout_leaf=64, nr_cpu_ids=1
[    0.000000] NR_IRQS:33024 nr_irqs:256 16
[    0.000000] Console: colour VGA+ 80x25
[    0.000000] console [tty1] enabled
[    0.000000] console [ttyS0] enabled
[    0.000000] tsc: Detected 2992.498 MHz processor
[    0.516349] Calibrating delay loop (skipped) preset value.. 5984.99 BogoMIPS (lpj=11969992)
[    0.519365] pid_max: default: 32768 minimum: 301
[    0.520932] ACPI: Core revision 20150930
[    0.523619] ACPI: 2 ACPI AML tables successfully acquired and loaded
[    0.525896] Security Framework initialized
[    0.527354] Yama: becoming mindful.
[    0.528744] AppArmor: AppArmor initialized
[    0.530352] Dentry cache hash table entries: 131072 (order: 8, 1048576 bytes)
[    0.532918] Inode-cache hash table entries: 65536 (order: 7, 524288 bytes)
[    0.535181] Mount-cache hash table entries: 2048 (order: 2, 16384 bytes)
[    0.537273] Mountpoint-cache hash table entries: 2048 (order: 2, 16384 bytes)
[    0.539820] Initializing cgroup subsys io
[    0.541252] Initializing cgroup subsys memory
[    0.542794] Initializing cgroup subsys devices
[    0.544339] Initializing cgroup subsys freezer
[    0.545901] Initializing cgroup subsys net_cls
[    0.547472] Initializing cgroup subsys perf_event
[    0.549059] Initializing cgroup subsys net_prio
[    0.550620] Initializing cgroup subsys hugetlb
[    0.552157] Initializing cgroup subsys pids
[    0.553731] mce: CPU supports 0 MCE banks
[    0.555233] process: using mwait in idle threads
[    0.556820] Last level iTLB entries: 4KB 128, 2MB 4, 4MB 4
[    0.558576] Last level dTLB entries: 4KB 256, 2MB 0, 4MB 32, 1GB 0
[    0.560554] Spectre V1 : Mitigation: usercopy/swapgs barriers and __user pointer sanitization
[    0.563470] Spectre V2 : Mitigation: Full generic retpoline
[    0.565296] Spectre V2 : Spectre v2 / SpectreRSB mitigation: Filling RSB on context switch
[    0.613697] Speculative Store Bypass: Vulnerable
[    0.616060] MDS: Vulnerable: Clear CPU buffers attempted, no microcode
[    1.068425] Freeing SMP alternatives memory: 36K
[    1.084583] ftrace: allocating 32318 entries in 127 pages
[    1.188399] smpboot: APIC(0) Converting physical 0 to logical package 0
[    1.257620] smpboot: Max logical packages: 1
[    1.259722] x2apic enabled
[    1.261394] Switched APIC routing to physical x2apic.
[    1.265405] ..TIMER: vector=0x30 apic1=0 pin1=2 apic2=-1 pin2=-1
[    1.284471] APIC calibration not consistent with PM-Timer: 200ms instead of 100ms
[    1.287122] APIC delta adjusted to PM-Timer: 6249965 (12500664)
[    1.289065] smpboot: CPU0: Intel(R) Core(TM)2 Duo CPU     E8400  @ 3.00GHz (family: 0x6, model: 0x17, stepping: 0xa)
[    1.292736] Performance Events: unsupported p6 CPU model 23 no PMU driver, software events only.
[    1.449329] KVM setup paravirtual spinlock
[    1.458645] x86: Booted up 1 node, 1 CPUs
[    1.460107] smpboot: Total of 1 processors activated (5984.99 BogoMIPS)
[    1.462620] devtmpfs: initialized
[    1.466306] evm: security.selinux
[    1.467591] evm: security.SMACK64
[    1.468859] evm: security.SMACK64EXEC
[    1.470230] evm: security.SMACK64TRANSMUTE
[    1.471683] evm: security.SMACK64MMAP
[    1.473054] evm: security.ima
[    1.474243] evm: security.capability
[    1.475773] clocksource: jiffies: mask: 0xffffffff max_cycles: 0xffffffff, max_idle_ns: 7645041785100000 ns
[    1.479011] futex hash table entries: 256 (order: 2, 16384 bytes)
[    1.481055] pinctrl core: initialized pinctrl subsystem
[    1.482955] RTC time: 16:31:14, date: 08/22/19
[    1.484768] NET: Registered protocol family 16
[    1.506855] cpuidle: using governor ladder
[    1.508321] cpuidle: using governor menu
[    1.509752] PCCT header not found.
[    1.511087] ACPI: bus type PCI registered
[    1.512545] acpiphp: ACPI Hot Plug PCI Controller Driver version: 0.5
[    1.514656] PCI: Using configuration type 1 for base access
[    1.518032] ACPI: Added _OSI(Module Device)
[    1.549961] ACPI: Added _OSI(Processor Device)
[    1.551496] ACPI: Added _OSI(3.0 _SCP Extensions)
[    1.553097] ACPI: Added _OSI(Processor Aggregator Device)
[    1.555591] ACPI: Executed 1 blocks of module-level executable AML code
[    1.560150] ACPI: Interpreter enabled
[    1.561516] ACPI: (supports S0 S5)
[    1.562824] ACPI: Using IOAPIC for interrupt routing
[    1.564661] PCI: Using host bridge windows from ACPI; if necessary, use "pci=nocrs" and report a bug
[    1.572171] ACPI: PCI Root Bridge [PCI0] (domain 0000 [bus 00-ff])
[    1.574107] acpi PNP0A03:00: _OSC: OS supports [ASPM ClockPM Segments MSI]
[    1.576244] acpi PNP0A03:00: _OSC: not requesting OS control; OS requires [ExtendedConfig ASPM ClockPM MSI]
[    1.579460] acpi PNP0A03:00: fail to add MMCONFIG information, can't access extended PCI configuration space under this bridge.
[    1.583459] PCI host bridge to bus 0000:00
[    1.584923] pci_bus 0000:00: root bus resource [io  0x0000-0x0cf7 window]
[    1.586997] pci_bus 0000:00: root bus resource [io  0x0d00-0xffff window]
[    1.589061] pci_bus 0000:00: root bus resource [mem 0x000a0000-0x000bffff window]
[    1.591758] pci_bus 0000:00: root bus resource [mem 0x2d000000-0xfdffffff window]
[    1.594438] pci_bus 0000:00: root bus resource [bus 00-ff]
[    1.598569] pci 0000:00:01.1: legacy IDE quirk: reg 0x10: [io  0x01f0-0x01f7]
[    1.600719] pci 0000:00:01.1: legacy IDE quirk: reg 0x14: [io  0x03f6]
[    1.602762] pci 0000:00:01.1: legacy IDE quirk: reg 0x18: [io  0x0170-0x0177]
[    1.604918] pci 0000:00:01.1: legacy IDE quirk: reg 0x1c: [io  0x0376]
[    1.667652] pci 0000:00:07.0: quirk: [io  0x4000-0x403f] claimed by PIIX4 ACPI
[    1.678369] pci 0000:00:07.0: quirk: [io  0x4100-0x410f] claimed by PIIX4 SMB
[    1.687189] ACPI: PCI Interrupt Link [LNKA] (IRQs 5 9 10 *11)
[    1.711587] ACPI: PCI Interrupt Link [LNKB] (IRQs 5 9 *10 11)
[    1.714106] ACPI: PCI Interrupt Link [LNKC] (IRQs 5 *9 10 11)
[    1.716613] ACPI: PCI Interrupt Link [LNKD] (IRQs 5 9 10 *11)
[    1.749703] ACPI: Enabled 2 GPEs in block 00 to 07
[    1.752229] vgaarb: setting as boot device: PCI:0000:00:02.0
[    1.754057] vgaarb: device added: PCI:0000:00:02.0,decodes=io+mem,owns=io+mem,locks=none
[    1.756921] vgaarb: loaded
[    1.758053] vgaarb: bridge control possible 0000:00:02.0
[    1.760411] SCSI subsystem initialized
[    1.762189] ACPI: bus type USB registered
[    1.763713] usbcore: registered new interface driver usbfs
[    1.767177] usbcore: registered new interface driver hub
[    1.768942] usbcore: registered new device driver usb
[    1.770915] PCI: Using ACPI for IRQ routing
[    1.773128] NetLabel: Initializing
[    1.774461] NetLabel:  domain hash size = 128
[    1.776004] NetLabel:  protocols = UNLABELED CIPSOv4
[    1.777691] NetLabel:  unlabeled traffic allowed by default
[    1.779864] amd_nb: Cannot enumerate AMD northbridges
[    1.781656] clocksource: Switched to clocksource kvm-clock
[    1.795635] AppArmor: AppArmor Filesystem Enabled
[    1.869265] pnp: PnP ACPI init
[    1.873063] pnp: PnP ACPI: found 3 devices
[    1.888959] clocksource: acpi_pm: mask: 0xffffff max_cycles: 0xffffff, max_idle_ns: 2085701024 ns
[    1.957876] NET: Registered protocol family 2
[    1.959881] TCP established hash table entries: 8192 (order: 4, 65536 bytes)
[    1.962065] TCP bind hash table entries: 8192 (order: 5, 131072 bytes)
[    1.964174] TCP: Hash tables configured (established 8192 bind 8192)
[    1.966273] UDP hash table entries: 512 (order: 2, 16384 bytes)
[    1.968184] UDP-Lite hash table entries: 512 (order: 2, 16384 bytes)
[    1.970235] NET: Registered protocol family 1
[    1.971832] pci 0000:00:00.0: Limiting direct PCI/PCI transfers
[    1.973735] pci 0000:00:01.0: Activating ISA DMA hang workarounds
[    1.975967] Unpacking initramfs...
[    2.313680] Freeing initrd memory: 14832K
[    2.387287] clocksource: tsc: mask: 0xffffffffffffffff max_cycles: 0x2b2296bc2b9, max_idle_ns: 440795321505 ns
[    2.390664] platform rtc_cmos: registered platform RTC device (no PNP device found)
[    2.393500] Scanning for low memory corruption every 60 seconds
[    2.395852] audit: initializing netlink subsys (disabled)
[    2.397671] audit: type=2000 audit(1566491482.152:1): initialized
[    2.400014] Initialise system trusted keyring
[    2.401718] HugeTLB registered 2 MB page size, pre-allocated 0 pages
[    2.406151] zbud: loaded
[    2.407627] VFS: Disk quotas dquot_6.6.0
[    2.409097] VFS: Dquot-cache hash table entries: 512 (order 0, 4096 bytes)
[    2.411533] squashfs: version 4.0 (2009/01/31) Phillip Lougher
[    2.414453] fuse init (API version 7.23)
[    2.416087] Key type big_key registered
[    2.436652] Allocating IMA MOK and blacklist keyrings.
[    2.469266] Key type asymmetric registered
[    2.477180] Asymmetric key parser 'x509' registered
[    2.478915] Block layer SCSI generic (bsg) driver version 0.4 loaded (major 249)
[    2.481634] io scheduler noop registered
[    2.483147] io scheduler deadline registered (default)
[    2.484896] io scheduler cfq registered
[    2.486492] pci_hotplug: PCI Hot Plug PCI Core version: 0.5
[    2.488300] pciehp: PCI Express Hot Plug Controller Driver version: 0.4
[    2.507691] ACPI: AC Adapter [AC] (on-line)
[    2.509273] input: Power Button as /devices/LNXSYSTM:00/LNXPWRBN:00/input/input0
[    2.511984] ACPI: Power Button [PWRF]
[    2.513502] input: Sleep Button as /devices/LNXSYSTM:00/LNXSLPBN:00/input/input1
[    2.516216] ACPI: Sleep Button [SLPF]
[    2.517903] GHES: HEST is not enabled!
[    2.519427] Serial: 8250/16550 driver, 32 ports, IRQ sharing enabled
[    2.570141] 00:02: ttyS0 at I/O 0x3f8 (irq = 4, base_baud = 115200) is a 16550A
[    2.574125] Linux agpgart interface v0.103
[    2.577119] loop: module loaded
[    2.579188] scsi host0: ata_piix
[    2.580574] scsi host1: ata_piix
[    2.581878] ata1: PATA max UDMA/33 cmd 0x1f0 ctl 0x3f6 bmdma 0xd000 irq 14
[    2.584017] ata2: PATA max UDMA/33 cmd 0x170 ctl 0x376 bmdma 0xd008 irq 15
[    2.607941] libphy: Fixed MDIO Bus: probed
[    2.609418] tun: Universal TUN/TAP device driver, 1.6
[    2.617441] tun: (C) 1999-2004 Max Krasnyansky <maxk@qualcomm.com>
[    2.619467] PPP generic driver version 2.4.2
[    2.621060] ehci_hcd: USB 2.0 'Enhanced' Host Controller (EHCI) Driver
[    2.623123] ehci-pci: EHCI PCI platform driver
[    2.624699] ehci-platform: EHCI generic platform driver
[    2.637445] ohci_hcd: USB 1.1 'Open' Host Controller (OHCI) Driver
[    2.674992] ohci-pci: OHCI PCI platform driver
[    2.727273] ohci-platform: OHCI generic platform driver
[    2.729009] uhci_hcd: USB Universal Host Controller Interface driver
[    2.731091] i8042: PNP: PS/2 Controller [PNP0303:PS2K,PNP0f03:PS2M] at 0x60,0x64 irq 1,12
[    2.734720] serio: i8042 KBD port at 0x60,0x64 irq 1
[    2.736396] serio: i8042 AUX port at 0x60,0x64 irq 12
[    2.797204] mousedev: PS/2 mouse device common for all mice
[    2.818021] input: AT Translated Set 2 keyboard as /devices/platform/i8042/serio0/input/input2
[    2.821286] rtc_cmos rtc_cmos: rtc core: registered rtc_cmos as rtc0
[    2.823542] rtc_cmos rtc_cmos: alarms up to one day, 114 bytes nvram
[    2.825505] i2c /dev entries driver
[    2.826939] device-mapper: uevent: version 1.0.3
[    2.837405] device-mapper: ioctl: 4.34.0-ioctl (2015-10-28) initialised: dm-devel@redhat.com
[    2.840379] ledtrig-cpu: registered to indicate activity on CPUs
[    2.842690] NET: Registered protocol family 10
[    2.881695] NET: Registered protocol family 17
[    2.907318] Key type dns_resolver registered
[    2.909160] registered taskstats version 1
[    2.910716] Loading compiled-in X.509 certificates
[    2.950500] Loaded X.509 cert 'Build time autogenerated kernel key: d14182f9795b80ec340f636a5a08bf5817ccd8e7'
[    3.012541] zswap: loaded using pool lzo/zbud
[    3.040352] Key type trusted registered
[    3.109140] Key type encrypted registered
[    3.110670] AppArmor: AppArmor sha1 policy hashing enabled
[    3.112502] ima: No TPM chip found, activating TPM-bypass!
[    3.114343] ima: Allocated hash algorithm: sha1
[    3.115936] evm: HMAC attrs: 0x1
[    3.117552]   Magic number: 15:839:540
[    3.118985]  node: hash matches
[    3.120331] rtc_cmos rtc_cmos: setting system clock to 2019-08-22 16:31:16 UTC (1566491476)
[    3.123301] BIOS EDD facility v0.16 2004-Jun-25, 0 devices found
[    3.125206] EDD information not available.
[    3.141713] Freeing unused kernel memory: 1488K
[    3.153707] Write protecting the kernel read-only data: 14336k
[    3.188290] Freeing unused kernel memory: 1608K
[    3.190093] Freeing unused kernel memory: 64K
Loading, please wait...
starting version 229
[    3.341472] random: systemd-udevd: uninitialized urandom read (16 bytes read, 3 bits of entropy available)
[    3.350802] random: systemd-udevd: uninitialized urandom read (16 bytes read, 3 bits of entropy available)
[    3.358964] random: udevadm: uninitialized urandom read (16 bytes read, 3 bits of entropy available)
[    3.398924] random: systemd-udevd: uninitialized urandom read (16 bytes read, 3 bits of entropy available)
[    3.402241] random: systemd-udevd: uninitialized urandom read (16 bytes read, 3 bits of entropy available)
[    3.408364] random: udevadm: uninitialized urandom read (16 bytes read, 3 bits of entropy available)
[    3.454186] random: systemd-udevd: uninitialized urandom read (16 bytes read, 3 bits of entropy available)
[    3.458193] random: systemd-udevd: uninitialized urandom read (16 bytes read, 3 bits of entropy available)
[    3.518383] random: udevadm: uninitialized urandom read (16 bytes read, 3 bits of entropy available)
[    3.529271] random: udevadm: uninitialized urandom read (16 bytes read, 3 bits of entropy available)
[    4.133449] Fusion MPT base driver 3.04.20
[    4.136474] Copyright (c) 1999-2008 LSI Corporation
[    4.194086] Fusion MPT SPI Host driver 3.04.20
[    4.367028] e1000: Intel(R) PRO/1000 Network Driver - version 7.3.21-k8-NAPI
[    4.387113] e1000: Copyright (c) 1999-2006 Intel Corporation.
[    4.422799] input: ImExPS/2 Generic Explorer Mouse as /devices/platform/i8042/serio1/input/input4
[    4.548152] mptbase: ioc0: Initiating bringup
[    4.658038] ioc0: LSI53C1030 A0: Capabilities={Initiator}
[    4.847292] scsi host2: ioc0: LSI53C1030 A0, FwRev=00000000h, Ports=1, MaxQ=256, IRQ=20
[    4.967971] scsi 2:0:0:0: Direct-Access     VBOX     HARDDISK         1.0  PQ: 0 ANSI: 5
[    4.997727] scsi target2:0:0: Beginning Domain Validation
[    5.008083] scsi target2:0:0: Domain Validation skipping write tests
[    5.010065] scsi target2:0:0: Ending Domain Validation
[    5.016679] scsi target2:0:0: asynchronous
[    5.042604] scsi 2:0:1:0: Direct-Access     VBOX     HARDDISK         1.0  PQ: 0 ANSI: 5
[    5.045420] scsi target2:0:1: Beginning Domain Validation
[    5.101700] scsi target2:0:1: Domain Validation skipping write tests
[    5.103748] scsi target2:0:1: Ending Domain Validation
[    5.185562] scsi target2:0:1: asynchronous
[    5.351487] sd 2:0:0:0: Attached scsi generic sg0 type 0
[    5.353342] sd 2:0:0:0: [sda] 20971520 512-byte logical blocks: (10.7 GB/10.0 GiB)
[    5.356816] sd 2:0:1:0: Attached scsi generic sg1 type 0
[    5.359101] sd 2:0:1:0: [sdb] 20480 512-byte logical blocks: (10.5 MB/10.0 MiB)
[    5.375323] sd 2:0:0:0: [sda] Write Protect is off
[    5.451175] sd 2:0:1:0: [sdb] Write Protect is off
[    5.453013] sd 2:0:1:0: [sdb] Incomplete mode parameter data
[    5.477203] sd 2:0:1:0: [sdb] Assuming drive cache: write through
[    5.479190] sd 2:0:0:0: [sda] Incomplete mode parameter data
[    5.481055] sd 2:0:0:0: [sda] Assuming drive cache: write through
[    5.491418]  sda: sda1
[    5.493199] sd 2:0:0:0: [sda] Attached SCSI disk
[    5.511276] sd 2:0:1:0: [sdb] Attached SCSI disk
[    5.794429] e1000 0000:00:03.0 eth0: (PCI:33MHz:32-bit) 02:52:2e:48:de:28
[    5.797909] e1000 0000:00:03.0 eth0: Intel(R) PRO/1000 Network Connection
[    5.807629] e1000 0000:00:03.0 enp0s3: renamed from eth0
Begin: Loading essential drivers ... [    8.452744] md: linear personality registered for level -1
[    8.492331] md: multipath personality registered for level -4
[    8.555418] md: raid0 personality registered for level 0
[    8.605932] md: raid1 personality registered for level 1
[    8.746086] raid6: sse2x1   gen()  3208 MB/s
[    8.851187] raid6: sse2x1   xor()  3859 MB/s
[    8.956120] raid6: sse2x2   gen()  6911 MB/s
[    9.061202] raid6: sse2x2   xor()  5735 MB/s
[    9.166157] raid6: sse2x4   gen()  9571 MB/s
[    9.266844] raid6: sse2x4   xor()  6147 MB/s
[    9.277207] raid6: using algorithm sse2x4 gen() 9571 MB/s
[    9.279006] raid6: .... xor() 6147 MB/s, rmw enabled
[    9.287033] raid6: using ssse3x2 recovery algorithm
[    9.315999] xor: measuring software checksum speed
[    9.476140]    prefetch64-sse: 30045.000 MB/sec
[    9.615409]    generic_sse: 26565.000 MB/sec
[    9.637267] xor: using function: prefetch64-sse (30045.000 MB/sec)
[    9.651700] async_tx: api initialized (async)
[    9.812347] md: raid6 personality registered for level 6
[    9.837470] md: raid5 personality registered for level 5
[    9.839258] md: raid4 personality registered for level 4
[    9.956274] md: raid10 personality registered for level 10
done.
Begin: Running /scripts/init-premount ... done.
Begin: Mounting root file system ... Begin: Running /scripts/local-top ... done.
Begin: Running /scripts/local-premount ... [   10.236256] Btrfs loaded
Scanning for Btrfs filesystems
done.
Warning: fsck not present, so skipping root file system
[   10.552041] EXT4-fs (sda1): mounted filesystem with ordered data mode. Opts: (null)
done.
Begin: Running /scripts/local-bottom ... done.
Begin: Running /scripts/init-bottom ... done.
[   11.291999] systemd[1]: systemd 229 running in system mode. (+PAM +AUDIT +SELINUX +IMA +APPARMOR +SMACK +SYSVINIT +UTMP +LIBCRYPTSETUP +GCRYPT +GNUTLS +ACL +XZ -LZ4 +SECCOMP +BLKID +ELFUTILS +KMOD -IDN)
[   11.318637] systemd[1]: Detected virtualization oracle.
[   11.320377] systemd[1]: Detected architecture x86-64.
[   11.331988] random: nonblocking pool is initialized

Welcome to [1mUbuntu 16.04.6 LTS[0m!

[   11.351289] systemd[1]: Set hostname to <ubuntu>.
[   11.377745] systemd[1]: Initializing machine ID from random generator.
[   11.387912] systemd[1]: Installed transient /etc/machine-id file.
[   12.437129] systemd[1]: Created slice System Slice.
[[0;32m  OK  [0m] Created slice System Slice.
[   12.449969] systemd[1]: Listening on Journal Audit Socket.
[[0;32m  OK  [0m] Listening on Journal Audit Socket.
[   12.459580] systemd[1]: Listening on Journal Socket.
[[0;32m  OK  [0m] Listening on Journal Socket.
[   12.477763] systemd[1]: Starting Create list of required static device nodes for the current kernel...
         Starting Create list of required st... nodes for the current kernel...
[   12.494905] systemd[1]: Mounting Debug File System...
         Mounting Debug File System...
[   12.617992] systemd[1]: Mounting POSIX Message Queue File System...
         Mounting POSIX Message Queue File System...
[   12.637227] systemd[1]: Listening on Syslog Socket.
[[0;32m  OK  [0m] Listening on Syslog Socket.
[   12.690371] systemd[1]: Listening on Device-mapper event daemon FIFOs.
[[0;32m  OK  [0m] Listening on Device-mapper event daemon FIFOs.
[   12.700486] systemd[1]: Created slice system-serial\x2dgetty.slice.
[[0;32m  OK  [0m] Created slice system-serial\x2dgetty.slice.
[   12.709279] systemd[1]: Starting Set console keymap...
         Starting Set console keymap...
[   12.729243] systemd[1]: Set up automount Arbitrary Executable File Formats File System Automount Point.
[[0;32m  OK  [0m] Set up automount Arbitrary Executab...ats File System Automount Point.
[   12.760362] systemd[1]: Reached target Swap.
[[0;32m  OK  [0m] Reached target Swap.
[   12.795980] systemd[1]: Listening on udev Control Socket.
[[0;32m  OK  [0m] Listening on udev Control Socket.
[   12.848070] systemd[1]: Starting Load Kernel Modules...
         Starting Load Kernel Modules...
[   12.960103] systemd[1]: Listening on LVM2 poll daemon socket.
[[0;32m  OK  [0m] Listening on LVM2 poll daemon socket.
[   13.040174] systemd[1]: Listening on /dev/initctl Compatibility Named Pipe.
[[0;32m  OK  [0m] Listening on /dev/initctl Compatibility Named Pipe.
[   13.094233] systemd[1]: Reached target System Time Synchronized.
[[0;32m  OK  [0m] Reached target System Time Synchronized.
[   13.106516] systemd[1]: Started Forward Password Requests to Wall Directory Watch.
[   13.142528] Loading iSCSI transport class v2.0-870.
[[0;32m  OK  [0m] Started Forward Password Requests to Wall Directory Watch.
[   13.199095] systemd[1]: Started Trigger resolvconf update for networkd DNS.
[[0;32m  OK  [0m] Started Trigger resolvconf update for networkd DNS.
[   13.207271] systemd[1]: Mounting Huge Pages File System...
         Mounting Huge Pages File System...
[   13.226852] systemd[1]: Created slice User and Session Slice.
[[0;32m  OK  [0m] Created slice User and Session Slice.
[   13.248736] systemd[1]: Reached target Slices.
[[0;32m  OK  [0m] Reached target Slices.
[   13.256077] systemd[1]: Listening on Journal Socket (/dev/log).
[[0;32m  OK  [0m] Listening on Journal Socket (/dev/log).
[   13.309024] systemd[1]: Starting Journal Service...
         Starting Journal Service...
[   13.321875] systemd[1]: Starting Remount Root and Kernel File Systems...
         Starting Remount Root and Kernel File Systems...
[   13.340489] systemd[1]: Starting Uncomplicated firewall...
         Starting Uncomplicated firewall...
[   13.427166] systemd[1]: Listening on LVM2 metadata daemon socket.
[[0;32m  OK  [0m] Listening on LVM2 metadata daemon socket.
[   13.440935] systemd[1]: Starting Monitoring of LVM2 mirrors, snapshots etc. using dmeventd or progress polling...
[   13.470953] iscsi: registered transport (tcp)
         Starting Monitoring of LVM2 mirrors... dmeventd or progress polling...
[   13.520380] systemd[1]: Reached target User and Group Name Lookups.
[[0;32m  OK  [0m] Reached target User and Group Name Lookups.
[   13.533270] systemd[1]: Starting Nameserver information manager...
         Starting Nameserver information manager...
[   13.541223] systemd[1]: Reached target Encrypted Volumes.
[[0;32m  OK  [0m] Reached target Encrypted Volumes.
[   13.545603] systemd[1]: Listening on udev Kernel Socket.
[[0;32m  OK  [0m] Listening on udev Kernel Socket.
[   13.558626] systemd[1]: Mounted Debug File System.
[[0;32m  OK  [0m] Mounted Debug File System.
[   13.642389] systemd[1]: Mounted Huge Pages File System.
[[0;32m  OK  [0m] Mounted Huge Pages File System.
[   13.651966] EXT4-fs (sda1): re-mounted. Opts: (null)
[   13.667692] systemd[1]: Mounted POSIX Message Queue File System.
[[0;32m  OK  [0m] Mounted POSIX Message Queue File System.
[   13.685387] systemd[1]: Started Create list of required static device nodes for the current kernel.
[[0;32m  OK  [0m] Started Create list of required sta...ce nodes for the current kernel.
[   13.833821] systemd[1]: Started Remount Root and Kernel File Systems.
[[0;32m  OK  [0m] Started Remount Root and Kernel File Systems.
[   13.845667] systemd[1]: Started Uncomplicated firewall.
[[0;32m  OK  [0m] Started Uncomplicated firewall.
[   13.981757] systemd[1]: Started Set console keymap.
[[0;32m  OK  [0m] Started Set console keymap.
[   14.043213] systemd[1]: Started Nameserver information manager.
[[0;32m  OK  [0m] Started Nameserver information manager.
[   14.263454] systemd[1]: Started Journal Service.
[[0;32m  OK  [0m] Started Journal Service.
[   14.291693] iscsi: registered transport (iser)
[[0;32m  OK  [0m] Started Load Kernel Modules.
         Starting Apply Kernel Variables...
         Mounting FUSE Control File System...
[[0;32m  OK  [0m] Started LVM2 metadata daemon.
         Starting Flush Journal to Persistent Storage...
         Starting Load/Save Random Seed...
         Starting udev Coldplug all Devices...
         Starting Create Static Device Nodes in /dev...
[[0;32m  OK  [0m] Mounted FUSE Control File System.
[[0;32m  OK  [0m] Started Apply Kernel Variables.
[[0;32m  OK  [0m] Started Load/Save Random Seed.
[[0;32m  OK  [0m] Started Create Static Device Nodes in /dev.
[[0;32m  OK  [0m] Started Monitoring of LVM2 mirrors,...ng dmeventd or progress polling.
[[0;32m  OK  [0m] Reached target Local File Systems (Pre).
[[0;32m  OK  [0m] Reached target Local File Systems.
         Starting Tell Plymouth To Write Out Runtime Data...
         Starting LSB: AppArmor initialization...
         Starting Set console font and keymap...
         Starting Commit a transient machine-id on disk...
         Starting Initial cloud-init job (pre-networking)...
         Starting udev Kernel Device Manager...
[[0;32m  OK  [0m] Started Flush Journal to Persistent Storage.
[[0;32m  OK  [0m] Started Tell Plymouth To Write Out Runtime Data.
[[0;32m  OK  [0m] Started Commit a transient machine-id on disk.
         Starting Create Volatile Files and Directories...
[[0;32m  OK  [0m] Started udev Kernel Device Manager.
[[0;32m  OK  [0m] Started udev Coldplug all Devices.
[[0;32m  OK  [0m] Started Dispatch Password Requests to Console Directory Watch.
[[0;32m  OK  [0m] Started Create Volatile Files and Directories.
         Starting Update UTMP about System Boot/Shutdown...
[[0;32m  OK  [0m] Started Update UTMP about System Boot/Shutdown.
[[0;32m  OK  [0m] Found device /dev/ttyS0.
[[0;32m  OK  [0m] Listening on Load/Save RF Kill Switch Status /dev/rfkill Watch.
[[0;32m  OK  [0m] Started LSB: AppArmor initialization.
[   25.668716] cloud-init[468]: Cloud-init v. 19.1-1-gbaa47854-0ubuntu1~16.04.1 running 'init-local' at Thu, 22 Aug 2019 16:31:37 +0000. Up 22.44 seconds.
[[0;32m  OK  [0m] Started Initial cloud-init job (pre-networking).
[[0;32m  OK  [0m] Reached target Network (Pre).
         Starting Raise network interfaces...
[[0;32m  OK  [0m] Started Set console font and keymap.
[[0;32m  OK  [0m] Created slice system-getty.slice.
[[0;32m  OK  [0m] Started Raise network interfaces.
[[0;32m  OK  [0m] Reached target Network.
         Starting Initial cloud-init job (metadata service crawler)...
[   35.159882] cloud-init[948]: Cloud-init v. 19.1-1-gbaa47854-0ubuntu1~16.04.1 running 'init' at Thu, 22 Aug 2019 16:31:46 +0000. Up 31.52 seconds.
[   35.241075] cloud-init[948]: ci-info: ++++++++++++++++++++++++++++++++++++++Net device info++++++++++++++++++++++++++++++++++++++
[   35.249350] cloud-init[948]: ci-info: +--------+------+----------------------------+---------------+--------+-------------------+
[   35.265231] cloud-init[948]: ci-info: | Device |  Up  |          Address           |      Mask     | Scope  |     Hw-Address    |
[   35.277269] cloud-init[948]: ci-info: +--------+------+----------------------------+---------------+--------+-------------------+
[   35.290437] cloud-init[948]: ci-info: | enp0s3 | True |         10.0.2.15          | 255.255.255.0 | global | 02:52:2e:48:de:28 |
[   35.306657] cloud-init[948]: ci-info: | enp0s3 | True | fe80::52:2eff:fe48:de28/64 |       .       |  link  | 02:52:2e:48:de:28 |
[   35.333805] cloud-init[948]: ci-info: |   lo   | True |         127.0.0.1          |   255.0.0.0   |  host  |         .         |
[   35.354858] cloud-init[948]: ci-info: |   lo   | True |          ::1/128           |       .       |  host  |         .         |
[   35.383236] cloud-init[948]: ci-info: +--------+------+----------------------------+---------------+--------+-------------------+
[   35.391115] cloud-init[948]: ci-info: +++++++++++++++++++++++++++Route IPv4 info++++++++++++++++++++++++++++
[   35.400818] cloud-init[948]: ci-info: +-------+-------------+----------+---------------+-----------+-------+
[   35.409779] cloud-init[948]: ci-info: | Route | Destination | Gateway  |    Genmask    | Interface | Flags |
[   35.425962] cloud-init[948]: ci-info: +-------+-------------+----------+---------------+-----------+-------+
[   35.441501] cloud-init[948]: ci-info: |   0   |   0.0.0.0   | 10.0.2.2 |    0.0.0.0    |   enp0s3  |   UG  |
[   35.460894] cloud-init[948]: ci-info: |   1   |   10.0.2.0  | 0.0.0.0  | 255.255.255.0 |   enp0s3  |   U   |
[   35.471396] cloud-init[948]: ci-info: +-------+-------------+----------+---------------+-----------+-------+
[   35.512464] cloud-init[948]: ci-info: +++++++++++++++++++Route IPv6 info+++++++++++++++++++
[[0;32m  OK  [0m] Started Initial cloud-init job (metadata service crawler).
[   35.542845] cloud-init[948]: ci-info: +-------+-------------+---------+-----------+-------+[[0;32m  OK  [0m
[   35.569980] cloud-init[948]: ci-info: | Route | Destination | Gateway | Interface | Flags |] Reached target System Initialization.

[   35.578889] cloud-init[948]: ci-info: +-------+-------------+---------+-----------+-------+
[   35.590432] cloud-init[948]: ci-info: |   0   |  fe80::/64  |    ::   |   enp0s3  |   U   |         Starting LXD - unix socket.
[
[   35.604836] cloud-init[948]: ci-info: |   4   |   ff00::/8  |    ::   |   enp0s3  |   U   |
[   35.613679] cloud-init[948]: ci-info: +-------+-------------+---------+-----------+-------+[0;32m  OK  [0m] Started Daily apt download activities.
[[0;32m  OK  [0m
[   35.621097] cloud-init[948]: Generating public/private rsa key pair.
] Started Daily apt upgrade and clean activities.
[[0;32m  OK  [0m[   35.628363] cloud-init[948]: Your identification has been saved in /etc/ssh/ssh_host_rsa_key.] Listening on ACPID Listen Socket.

[   35.637097] cloud-init[948]: Your public key has been saved in /etc/ssh/ssh_host_rsa_key.pub.
         Starting Socket activation for snappy daemon.[   35.648717] cloud-init[948]: The key fingerprint is:
[   35.651776] 
[[0;32m  OK  [0m] cloud-init[948]: SHA256:3NUzl0QSn5+HlMK7QaqKrInj0j87Iyn3iSa/drw+xzg root@ubuntu-xenial
Listening on UUID daemon activation socket.
[   35.662375] cloud-init[[0;32m  OK  [0m] Listening on D-Bus System Message Bus Socket.
[948]: The key's randomart image is:
[   35.670598] cloud-init[948]: +---[RSA 2048]----+
[   35.674250] cloud-init[948]: |             ooo |[[0;32m  OK  [0m] Started ACPI Events Check.
[[0;32m  OK  [0m] Reached target Paths.

[   35.680575] cloud-init[948]: |           . .+.o|
[   35.682132] cloud-init[948]: |            = *+.|
[   35.683677] cloud-init[[0;32m  OK  [0m] Started Daily Cleanup of Temporary Directories.
[[0;32m  OK  [0m] Reached target Timers.
[[0;32m  OK  [0m] Reached target Cloud-config availability.
[[0;32m  OK  [0m] Reached target Network is Online.
         Starting iSCSI initiator daemon (iscsid)...
[948]: |       . . + + =o|
[[0;32m  OK  [0m] Listening on LXD - unix socket.[   35.744832] cloud-init[948]: |        S o o ..o|
[   35.747420] cloud-init
[[0;32m  OK  [0m] Listening on Socket activation for snappy daemon.
[948]: |         .   o  .|
[   35.753798] cloud-init[948]: | . o o  .   .    |
[   35.760738] cloud-init[948]: |=.B+Eoo.         |
[[0;32m  OK  [0m] Reached target Sockets.
[[0;32m  OK  [0m] Reached target Basic System.[   35.777113] cloud-init[948]: |+X*OXX.          |
[   35.779398] 
         Starting LSB: MD monitoring daemon...
         Starting Pollinate to seed the pseudo random number generator...
cloud-init[948]: +----[SHA256]-----+
[   35.934019] cloud-init[948]: Generating public/private dsa key pair.         Starting Virtualbox guest utils...

[   35.945598] cloud-init         Starting /etc/rc.local Compatibility...
[[0;32m  OK  [0m] Started FUSE filesystem for LXC.
[[0;32m  OK  [0m] Started D-Bus System Message Bus.
[948]: Your identification has been saved in /etc/ssh/ssh_host_dsa_key.
[   36.231115] cloud-init[948]: Your public key has been saved in /etc/ssh/ssh_host_dsa_key.pub.
[   36.266160] cloud-init[948]: The key fingerprint is:
[   36.354437] cloud-init[948]: SHA256:7MCKtVJxA8L3vCX2m5NKrusNJo3PMl/fn+Xm3E7OvnU root@ubuntu-xenial
[   36.374158] cloud-init[948]: The key's randomart image is:
[   36.416478] cloud-init[948]: +---[DSA 1024]----+
[   36.432179] cloud-init[948]: | .. .            |
[   36.450025] cloud-init[948]: |  ....           |
[   36.456699] cloud-init[948]: |   ..oo          |
[   36.470352] cloud-init[948]: |     +=o.        |
[   36.479840] cloud-init[948]: |    o.o=S        |
[   36.487627] cloud-init[948]: |   * o.o.        |
         Starting LSB: Record successful boot for GRUB...
[   36.540469] cloud-init[948]: |  = * o .+    . E|
[   36.588754] cloud-init[948]: |  o* * .=.   =.=o|
[[0;32m  OK  [0m] Started Regular background program processing daemon.
         Starting Login Service...
[   36.669092] cloud-init[948]: |   =Bo+.....oo++B|
[   36.734198] cloud-init[948]: +----[SHA256]-----+
[   36.754335] cloud-init[948]: Generating public/private ecdsa key pair.
[   36.754861] cloud-init[948]: Your identification has been saved in /etc/ssh/ssh_host_ecdsa_key.
[   36.755120] cloud-init[948]: Your public key has been saved in /etc/ssh/ssh_host_ecdsa_key.pub.
[   36.755371] cloud-init[948]: The key fingerprint is:
[   36.755780] cloud-init[948]: SHA256:OO9bnBRXBs+5yIZ1MLF/arpq+SLk/l4ZXVyDRjDSlV0 root@ubuntu-xenial
[   36.756041] cloud-init[948]: The key's randomart image is:
[   36.756257] cloud-init[948]: +---[ECDSA 256]---+
[   36.756477] cloud-init[948]: |         ..oO=*.E|
[   36.756689] cloud-init[948]: |          ...% +o|
[   36.756978] cloud-init[948]: |          . = = o|
[   36.757343] cloud-init[948]: |       .   * = o |
         Starting Snappy daemon...
[[0;32m  OK  [0m] Started Deferred execution scheduler.
         Starting System Logging Service...
[   36.757685]          Starting Accounts Service...
cloud-init[948]: |      o S o = + .|
[   36.964490] cloud-init[948]: |       o.o o o o |
[   36.984784] cloud-init[948]: |       o. +.o o  |
[[0;32m  OK  [0m[   36.993807] cloud-init[948]: |       .o.+. o   |] 
[   37.037875] cloud-init[948]: |       .+*+++.   |
[   37.051597] Started ACPI event daemon.
         Starting LXD - container startup/shutdown...cloud-init[948]: +----[SHA256]-----+

[   37.171446] cloud-init[948]: Generating public/private ed25519 key pair.
[[0;32m  OK  [0m] Started /etc/rc.local Compatibility.[   37.257749] cloud-init[948]: Your identification has been saved in /etc/ssh/ssh_host_ed25519_key.
[   37.259758] cloud-init[948]: Your public key has been saved in /etc/ssh/ssh_host_ed25519_key.pub.

[   37.268091] cloud-init[948]: The key fingerprint is:
[   37.294363] cloud-init[948]: SHA256:/XYtle9CAlgNSobQqrGinexWIVKXdqAuSww1RFsBqLQ root@ubuntu-xenial
[   37.358175] cloud-init[948]: The key's randomart image is:
[[0;32m  OK  [0m] Started System Logging Service.
[[0;32m  OK  [0m[   37.497845] cloud-init[948]: +--[ED25519 256]--+
[   37.529437] cloud-init[948]: | +*.=* .o .o     |
[   37.529716] cloud-init[948]: |.o.=+ +o .. .    |
[   37.530484] cloud-init[948]: |+.+o o  .o       |
[   37.530764] cloud-init[948]: |=Eo o   ...     .|
[   37.531203] cloud-init[948]: |.+.= .  S ..   ..|
[   37.531929] cloud-init[948]: |ooo .      .. .o.|
] Started iSCSI initiator daemon (iscsid).
[   37.558813] cloud-init[948]: |o+ o        ooo o|
[   37.699487] cloud-init[948]: |. =        . ..o |
[   37.727684] cloud-init[948]: | o.            ..|
[   37.799489] cloud-init[948]:          Starting Login to default iSCSI targets...
[[0;32m  OK  [0m] Started Login Service.
[[0;32m  OK  [0m] Started Unattended Upgrades Shutdown.
+----[SHA256]-----+
         Starting Authenticate and Authorize Users to Run Privileged Tasks...
[[0;32m  OK  [0m] Started Login to default iSCSI targets.
[[0;32m  OK  [0m] Reached target Remote File Systems (Pre).
[[0;32m  OK  [0m] Reached target Remote File Systems.
         Starting LSB: Set the CPU Frequency Scaling governor to "ondemand"...
         Starting LSB: automatic crash report generation...
         Starting LSB: daemon to balance interrupts for SMP systems...
         Starting Permit User Sessions...
[[0;32m  OK  [0m] Started LSB: Record successful boot for GRUB.
[[0;32m  OK  [0m] Started Permit User Sessions.
         Starting Terminate Plymouth Boot Screen...
         Starting Hold until boot process finishes up...
[[0;32m  OK  [0m] Started Hold until boot process finishes up.
[[0;32m  OK  [0m] Started Terminate Plymouth Boot Screen.
[[0;32m  OK  [0m] Started Serial Getty on ttyS0.
         Starting Set console scheme...
[[0;32m  OK  [0m] Started Getty on tty1.
[[0;32m  OK  [0m] Reached target Login Prompts.
[[0;32m  OK  [0m] Started LXD - container startup/shutdown.
[[0;32m  OK  [0m] Started Authenticate and Authorize Users to Run Privileged Tasks.
[[0;32m  OK  [0m] Started Accounts Service.
[[0;32m  OK  [0m] Started LSB: MD monitoring daemon.
[[0;32m  OK  [0m] Started Set console scheme.
[[0;32m  OK  [0m] Started LSB: Set the CPU Frequency Scaling governor to "ondemand".
[[0;32m  OK  [0m] Started LSB: automatic crash report generation.
[[0;32m  OK  [0m] Started Virtualbox guest utils.
[[0;32m  OK  [0m] Started LSB: daemon to balance interrupts for SMP systems.
[[0;32m  OK  [0m] Started Snappy daemon.
         Starting Wait until snapd is fully seeded...
[[0;32m  OK  [0m] Started Pollinate to seed the pseudo random number generator.
         Starting OpenBSD Secure Shell server...
[[0;32m  OK  [0m] Started OpenBSD Secure Shell server.
[[0;32m  OK  [0m] Created slice User Slice of vagrant.
         Starting User Manager for UID 1000...
[[0;32m  OK  [0m] Started Session 1 of user vagrant.
[[0;32m  OK  [0m] Started User Manager for UID 1000.

Ubuntu 16.04.6 LTS ubuntu-xenial ttyS0

ubuntu-xenial login: [   49.066512] cloud-init[1390]: Generating locales (this might take a while)...
[   55.347842] cloud-init[1390]:   en_US.UTF-8... done
[   55.368811] cloud-init[1390]: Generation complete.
[   57.610312] cloud-init[1390]: Cloud-init v. 19.1-1-gbaa47854-0ubuntu1~16.04.1 running 'modules:config' at Thu, 22 Aug 2019 16:32:02 +0000. Up 48.12 seconds.
ci-info: no authorized ssh keys fingerprints found for user ubuntu.
<14>Aug 22 16:32:15 ec2: 
<14>Aug 22 16:32:15 ec2: #############################################################
<14>Aug 22 16:32:15 ec2: -----BEGIN SSH HOST KEY FINGERPRINTS-----
<14>Aug 22 16:32:15 ec2: 1024 SHA256:7MCKtVJxA8L3vCX2m5NKrusNJo3PMl/fn+Xm3E7OvnU root@ubuntu-xenial (DSA)
<14>Aug 22 16:32:15 ec2: 256 SHA256:OO9bnBRXBs+5yIZ1MLF/arpq+SLk/l4ZXVyDRjDSlV0 root@ubuntu-xenial (ECDSA)
<14>Aug 22 16:32:15 ec2: 256 SHA256:/XYtle9CAlgNSobQqrGinexWIVKXdqAuSww1RFsBqLQ root@ubuntu-xenial (ED25519)
<14>Aug 22 16:32:15 ec2: 2048 SHA256:3NUzl0QSn5+HlMK7QaqKrInj0j87Iyn3iSa/drw+xzg root@ubuntu-xenial (RSA)
<14>Aug 22 16:32:15 ec2: -----END SSH HOST KEY FINGERPRINTS-----
<14>Aug 22 16:32:15 ec2: #############################################################
-----BEGIN SSH HOST KEY KEYS-----
ecdsa-sha2-nistp256 AAAAE2VjZHNhLXNoYTItbmlzdHAyNTYAAAAIbmlzdHAyNTYAAABBBAh/NhUbVCzi95nxRN4EISmI8b4zdhHmoSS4OWHbAjcE9AhrCS8dtGhHpLRcH/NM6OMeCl7FcBwC9d1TOYo+nDc= root@ubuntu-xenial
ssh-ed25519 AAAAC3NzaC1lZDI1NTE5AAAAIOKJjMDhjS7Ov5jRSo+NGcv26BEupAADIm06vJJ0/IS4 root@ubuntu-xenial
ssh-rsa AAAAB3NzaC1yc2EAAAADAQABAAABAQDPbx5Cn+pkgFpp+wzAWG2IWf7a7MIxVcNS9kbIsyDj4XCPk1pDbgSLgEzWOaIktUsbuNbgexps1cnU5HkSpNEb47wfXAtlf72dN5hH1ZiYVWli6zFNtBwxVW+8G6jH7EPLqQ121dJdTcVwPQ9LYfIDOGgbyuPNdN6CA+fqV2rIFKQEtPM+n4jgy1Xrgmh2SEMV/z/qQskfG+leLQYvRvAe6RiCXcA2BzWCRtZk9KJju5jsQvgXss6NZSSWejU1xwYjNuU84GHl4sKhVEnp6hug9vGrLHfguVRW78aqCrcBssSnoNBYGWilXs/gOGD/16NteUIRzAyXOD+hwPd9eODp root@ubuntu-xenial
-----END SSH HOST KEY KEYS-----
[   61.404260] cloud-init[1561]: Cloud-init v. 19.1-1-gbaa47854-0ubuntu1~16.04.1 running 'modules:final' at Thu, 22 Aug 2019 16:32:14 +0000. Up 60.35 seconds.
[   61.405822] cloud-init[1561]: ci-info: no authorized ssh keys fingerprints found for user ubuntu.
[   61.406551] cloud-init[1561]: Cloud-init v. 19.1-1-gbaa47854-0ubuntu1~16.04.1 finished at Thu, 22 Aug 2019 16:32:15 +0000. Datasource DataSourceNoCloud [seed=/dev/sdb][dsmode=net].  Up 61.37 seconds
