[    0.000000] Initializing cgroup subsys cpuset
[    0.000000] Initializing cgroup subsys cpu
[    0.000000] Initializing cgroup subsys cpuacct
[    0.000000] Linux version 4.4.0-159-generic (buildd@lgw01-amd64-042) (gcc version 5.4.0 20160609 (Ubuntu 5.4.0-6ubuntu1~16.04.10) ) #187-Ubuntu SMP Thu Aug 1 16:28:06 UTC 2019 (Ubuntu 4.4.0-159.187-generic 4.4.185)
[    0.000000] Command line: BOOT_IMAGE=/boot/vmlinuz-4.4.0-159-generic root=LABEL=cloudimg-rootfs ro console=tty1 console=ttyS0
[    0.000000] KERNEL supported cpus:
[    0.000000]   Intel GenuineIntel
[    0.000000]   AMD AuthenticAMD
[    0.000000]   Centaur CentaurHauls
[    0.000000] x86/fpu: Legacy x87 FPU detected.
[    0.000000] e820: BIOS-provided physical RAM map:
[    0.000000] BIOS-e820: [mem 0x0000000000000000-0x000000000009fbff] usable
[    0.000000] BIOS-e820: [mem 0x000000000009fc00-0x000000000009ffff] reserved
[    0.000000] BIOS-e820: [mem 0x00000000000f0000-0x00000000000fffff] reserved
[    0.000000] BIOS-e820: [mem 0x0000000000100000-0x000000003ffeffff] usable
[    0.000000] BIOS-e820: [mem 0x000000003fff0000-0x000000003fffffff] ACPI data
[    0.000000] BIOS-e820: [mem 0x00000000fec00000-0x00000000fec00fff] reserved
[    0.000000] BIOS-e820: [mem 0x00000000fee00000-0x00000000fee00fff] reserved
[    0.000000] BIOS-e820: [mem 0x00000000fffc0000-0x00000000ffffffff] reserved
[    0.000000] NX (Execute Disable) protection: active
[    0.000000] SMBIOS 2.5 present.
[    0.000000] Hypervisor detected: KVM
[    0.000000] e820: last_pfn = 0x3fff0 max_arch_pfn = 0x400000000
[    0.000000] MTRR: Disabled
[    0.000000] x86/PAT: MTRRs disabled, skipping PAT initialization too.
[    0.000000] CPU MTRRs all blank - virtualized system.
[    0.000000] x86/PAT: Configuration [0-7]: WB  WT  UC- UC  WB  WT  UC- UC  
[    0.00000]ound SMP MP-table at [mm 0x0009fff0-0x0009ffff] mapped at [ffff88000009fff0]
[    0.000000] Scanning 1 areas for low memory corruption
[    0.000000] RAMDISK: [mem 0x362f8000-0x37173fff]
[    0.000000] ACPI: Early table checksum verification disabled
[    0.000000] ACPI: RSDP 0x00000000000E0000 000024 (v02 VBOX  )
[    0.000000] ACPI: XSDT 0x000000003FFF0030 00003C (v01 VBOX   VBOXXSDT 00000001 ASL  00000061)
[    0.000000] ACPI: FACP 0x000000003FFF00F0 0000F4 (v04 VBOX   VBOXFACP 00000001 ASL  00000061)
[    0.000000] ACPI: DSDT 0x000000003FFF0470 0021FF (v02 VBOX   VBOXBIOS 00000002 INTL 20180105)
[    0.000000] ACPI: FACS 0x000000003FFF0200 000040
[    0.000000] API: FACS 0x000000003FFF0200 000040
[    0.000000] ACPI: APIC 0x000000003FFF0240 00005C (v02 VBOX   VBOXAPIC 00000001 ASL  00000061)
[    0.000000] ACPI: SSDT 0x000000003FFF02A0 0001CC (v01 VBOX   VBOXCPUT 00000002 INTL 20180105)
[    0.000000] No NUMA configuration found
[    0.000000] Faking a node at [mem 0x0000000000000000-0x000000003ffeffff]
[    0.000000] NODE_DATA(0) allocated [mem 0x3ffeb000-0x3ffeffff]
[    0.000000] kvm-clock: Using msrs 4b564d01 and 4b564d00
[    0.000000] kvm-clock: cpu 0, msr 0:3ffe3001, primary cpu clock

[    0.000000] kvm-clock: using sched offset of 4940314098 cycles
[    0.000000] clocksource: kvm-clock: mask: 0xffffffffffffffff max_cycles: 0x1cd42e4dffb, max_idle_ns: 881590591483 ns
[    0.000000] Zone ranges:
[    0.000000]   DMA      [mem 0x0000000000001000-0x0000000000ffffff]
[    0.000000]   DMA32    [mem 0x0000000001000000-0x000000003ffeffff]
[    0.000000]   Normal   empty
[    0.000000]   Device   empty
[    0.000000] Movable zone start for each node
[    0.000000] Early memory node ranges
[    0.000000]   node   0: [mem 0x0000000000001000-0x000000000009efff]
[    0.000000]   node   0: [mem 0x0000000000100000-0x000000003ffeffff]
[    0.00000] Initmem setup node 0 [mem 0x0000000000001000-0x000000003ffeffff]
[    0.000000] ACPI: PM-Timer IO Port: 0x4008
[    0.000000] IOAPIC[0]: apic_id 2, version 32, address 0xfec00000, GSI 0-23
[    0.000000] ACPI: INT_SRC_OVR (bus 0 bus_irq 0 global_irq 2 dfl dfl)
[    0.000000] ACPI: INT_SRC_OVR (bus 0 bus_irq 9 global_irq 9 low level)
[    0.000000] Using ACPI (MADT) for SP configuration information
[    0.000000] smpboot: Allowiing 2CPUs, 0 hotplug CPUs
[    0.000000] PM: Registered nosave memory: [mem 0x0000000-0x00000fff]
[    0.000000] PM: Registered nosave memory: [mem 0x00099f000-0x0009ffff]
[    0.000000] PM: Registered nosave memory: [mem 0x000a0000-0x000effff]
[    0.000000] PM: Registered nosave memory: [mem 0x000f0000-0x000fffff]
[    0.000000] e820: [mem 0x40000000-0xfebfffff] available for PCI devices
[    0.000000] Booting paravirtualized kernel on KVM
[    0.000000] clocksource: refined-jiffies: mask: 0xffffffff max_cycles: 0xffffffff, max_idle_ns: 7645519600211568 ns
[    0.000000] setup_percpu: NR_CPUS:512 nr_cpumask_bits:512 nr_cpu_ids:2 nr_node_ids:1
[    0.000000] PERCPU: Embedded 34 pages/cpu @ffff88003fc00000 s99544 r8192 d31528 u1048576
[    0.000000] Built 1 zonelists in Node order, mobility grouping on.  Total pages: 257912
[    0.000000] Policy zone: DMA32
[    0.000000] Kernel command line: BOOT_IMAGE=/boot/vmlinuz-4.4.0-159-generic root=LABEL=cloudimg-rootfs ro console=tty1 console=ttyS0
[    0.000000]PID as table entries: 4096 (order: 3, 32768 bytes)
[    0.000000] Memory: 997724K/1048120K available (8618K kernel code, 1335K rwdata, 4032K rodata, 1488K init, 1284K bss, 50396K reserved, 0K cma-reserved)
[    0.000000] SLUB: HWalign=64, Order=0-3, MinObjects=0, CPUs=2, Nodes=1
[    0.000000] Kernel/User page tables isolation: enabled
[    0.000000] Hierarchical RCU implementation.
[    0.000000] 	Build-time adjustment of leaf fanout to 64.
[    0.000000] 	RCU restricting CPUs from NR_CPUS=512 to nr_cpu_ids=2.
[    0.000000] RCU: Adjusting geometry for rcu_fanout_leaf=64, nr_cpu_ids=2
[    0.000000] NR_IRQS:33024 nr_irqs:440 16
[    0.000000] Console: colour VGA+ 80x25
[    0.000000] console [tty1] enabled
[    0.000000] console [ttyS0] enabled
[    0.000000] tsc: Detected 2992.498 MHz processor
[    2.769277] Calibrating delay loop (skipped) preset value.. 5984.99 BogoMIPS (lpj=11969992)
[    2.772165] pid_max: default: 32768 minimum: 301
[    2.773679] ACPI: Core revision 20150930
[    2.776322] ACPI: 2 ACPI AML tables successfully acquired and loaded
[    2.778447] Security Framework initialized
[    2.779876] Yama: becoming mindful.
[    2.781233] AppArmor: AppArmor initialized
[    2.782791] Dentry cache hash table entries: 131072 (order:8, 1048576 bytes)

[    2.804814] Inode-cache hash table entries: 65536 (order: 7, 524288 bytes)
[    2.807089] Mount-cache hash table entries: 2048 (order: 2, 16384 bytes)
[    2.809062] Mountpoint-cache hash table entries: 2048 (order: 2, 16384 bytes)
[    2.811923] Initializing cgroup subsys io
[    2.813330] Initializing cgroup subsys memory
[    2.859902] Initializing cgroup subsys devices
[    2.881485] Initializing cgroup subsys freezer
[    2.883016] Initializing cgroup subsys net_cls
[    2.896550] Initializing cgroup subsys perf_event
[    2.898183] Initializing cgroup subsys net_prio
[    2.940776] Initializing cgroup subsys hugetlb
[    2.987867] Initializing cgroup subsys pids
[    3.015008] mce: CPU supports 0 MCE banks
[    3.016457] Last level iTLB entries: 4KB 128, 2MB 4, 4MB 4
[    3.018161] Last level dTLB entries: 4KB 256, 2MB 0, 4MB 32, 1GB 0
[    3.020043] Spectre V1 : Mitigation: usercopy/swapgs barriers and __user pointer sanitization
[    3.022858] Spectre V2 : Mitigation: Full generic retpoline
[    3.036599] Spectre V2 : Spectre v2 / SpectreRSB mitigation: Filling RSB on context switch
[    3.039371] Speculative Store Bypass: Vulnerable
[    3.041680] MDS: Vulnerable: Clear CPU buffers attempted, no microcode
[    3.047351] Freeing SMP alternatives memory: 36K
[    3.056491] ftrace: allocating 32318 entries in 127 pages
[    3.126311] smpboot: APIC(0) Converting physical 0 to logical package 0
[    3.235688] smpboot: Max logical packages: 1
[    3.304860] x2apic enabled
[    3.306515] Switched APIC routing to physical x2apic.
[    3.310490] ..TIMER: vector=0x30 apic1=0 pin1=2 apic2=-1 pin2=-1
[    3.419077] APIC calibration not consistent with PM-Timer: 96ms instead of 100ms
[    3.528110] APIC delta adjusted to PM-Timer: 6240381 (6019064)
[    3.620301] smpboot: CPU0: Intel(R) Core(TM)2 Duo CPU     E8400  @ 3.00GHz (family: 0x6, model: 0x17, stepping: 0xa)
[    3.661475] Performance Events: unsupported p6 CPU model 23 no PMU driver, software events only.
[    3.818610] KVM setup paravirtual spinlock
[    3.821639] x86: Booting SMP configuration:
[    3.823064] .... node  #0, CPUs:      #1
[    3.834472] kvm-clock: cpu 1, msr 0:3ffe3041, secondary cpu clock
[    3.855394] mce: CPU supports 0 MCE banks
[    3.858573] x86: Booted up 1 node, 2 CPUs
[    3.860470] smpboot: Total of 2 processors activated (11969.99 BogoMIPS)
[    3.863038] devtmpfs: initialized
[    3.866772] evm: security.selinux
[    3.868035] evm: security.SMACK64
[    3.869287] evm: security.SMACK64EXEC
[    3.870599] evm: security.SMACK64TRANSMUTE
[    3.872021] evm: security.SMACK64MMAP
[    3.873335] evm: security.ima
[    3.874521] evm: security.capability
[    3.876028] clocksource: jiffies: mask: 0xffffffff max_cycles: 0xffffffff, max_idle_ns: 7645041785100000 ns
[    3.879166] futex hash table entries: 512 (order: 3, 32768 bytes)
[    3.881188] pinctrl core: initialized pinctrl subsystem
[    3.883030] RTC time: 16:57:33, date: 08/22/19
[    3.886026] NET: Registered protocol family 16
[    3.894262] cpuidle: using governor ladder
[    3.903787] cpuidle: using governor menu
[    3.905167] PCCT header not found.
[    3.927256] ACPI: bus type PCI registered
[    3.928649] acpiphp: ACPI Hot Plug PCI Controller Driver version: 0.5
[    3.930684] PCI: Using configuration type 1 for base access
[    3.944958] ACPI: Added _OSI(Module Device)
[    3.946387] ACPI: Added _OSI(Processor Device)
[    3.947872] ACPI: Added _OSI(3.0 _SCP Extensions)
[    3.949418] ACPI: Added _OSI(Processor Aggregator Device)
[    3.951929] ACPI: Executed 1 blocks of module-level executable AML code
[    3.956515] ACPI: Interpreter enabled
[    3.957847] ACPI: (supports S0 S5)
[    3.959106] ACPI: Using IOAPIC for interrupt routing
[    3.960902] PCI: Using host bridge windows from ACPI; if necessary, use "pci=nocrs" and report a bug
[    3.968452] ACPI: PCI Root Bridge [PCI0] (domain 0000 [bus 00-ff])
[    4.010615] acpi PNP0A03:00: _OSC: OS supports [ASPM ClockPM Segments MSI]
[    4.063581] acpi PNP0A03:00: _OSC: not requesting OS control; OS requires [ExtendedConfig ASPM ClockPM MSI]
[    4.074189] acpi PNP0A03:00: fail to add MMCONFIG information, can't access extended PCI configuration space under this bridge.
[    4.078211] PCI host bridge to bus 0000:00
[    4.079674] pci_bus 0000:00: root bus resource [io  0x0000-0x0cf7 window]
[    4.082791] pci_bus 0000:00: root bus resource [io  0x0d00-0xffff window]
[    4.111059] pci_bus 0000:00: root bus resource [mem 0x000a0000-0x000bffff window]
[    4.217725] pci_bus 0000:00: root bus resource [mem 0x40000000-0xfdffffff window]
[    4.304816] pci_bus 0000:00: root bus resource [bus 00-ff]
[    4.308664] pci 0000:00:01.1: legacy IDE quirk: reg 0x10: [io  0x01f0-0x01f7]
[    4.310709] pci 0000:00:01.1: legacy IDE quirk: reg 0x14: [io  0x03f6]
[    4.312644] pci 0000:00:01.1: legacy IDE quirk: reg 0x18: [io  0x0170-0x0177]
[    4.314696] pci 0000:00:01.1: legacy IDE quirk: reg 0x1c: [io  0x0376]
[    4.344337] pci 0000:00:07.0: quirk: [io  0x4000-0x403f] claimed by PIIX4 ACPI
[    4.352183] pci 0000:00:07.0: quirk: [io  0x4100-0x410f] claimed by PIIX4 SMB
[    4.385290] ACPI: PCI Interrupt Link [LNKA] (IRQs 5 9 10 *11)
[    4.389065] ACPI: PCI Interrupt Link [LNKB] (IRQs 5 9 *10 11)
[    4.391481] ACPI: PCI Interrupt Link [LNKC] (IRQs 5 *9 10 11)
[    4.393925] ACPI: PCI Interrupt Link [LNKD] (IRQs 5 9 10 *11)
[    4.396439] ACPI: Enabled 2 GPEs in block 00 to 07
[    4.399092] vgaarb: setting as boot device: PCI:0000:00:02.0
[    4.406192] vgaarb: device added: PCI:0000:00:02.0,decodes=io+mem,owns=io+mem,locks=none
[    4.408955] vgaarb: loaded
[    4.410073] vgaarb: bridge control possible 0000:00:02.0
[    4.413472] SCSI subsystem initialized
[    4.415300] ACPI: bus type USB registered
[    4.416741] usbcore: registered new interface driver usbfs
[    4.418472] usbcore: registered new interface driver hub
[    4.420176] usbcore: registered new device driver usb
[    4.422215] PCI: Using ACPI for IRQ routing
[    4.424382] NetLabel: Initializing
[    4.425639] NetLabel:  domain hash size = 128
[    4.427087] NetLabel:  protocols = UNLABELED CIPSOv4
[    4.428746] NetLabel:  unlabeled traffic allowed by default
[    4.436016] amd_nb: Cannot enumerate AMD northbridges
[    4.437751] clocksource: Switched to clocksource kvm-clock
[    4.45321] AppArmor: AppArmor Filesystem Enabled
[    4.505238] pnp: PnP ACPI init
[    4.507572] pnp: PnP ACPI: found 3 devices

[    4.520832] clocksource: acpi_pm: mask: 0xffffff max_cycles: 0xffffff, max_idle_ns: 2085701024 ns
[    4.5981] NET: Registered protocol family 2

[    4.587219] TCP established hash table entries: 8192 (order: 4, 65536 bytes)
[    4.589423] TCP bind hash table entries: 8192 (order: 5, 131072 bytes)
[    4.591512] TCP: Hash tables configured (established 8192 bind 8192)
[    4.593566] UDP hash table entries: 512 (order: 2, 16384 bytes)
[    4.595502] UDP-Lite hash table entries: 512 (order: 2, 16384 bytes)
[    4.597591] NET: Registered protocol family 1
[    4.599181] pci 0000:00:00.0: Limiting direct PCI/PCI transfers
[    4.601090] pci 0000:00:01.0: Activating ISA DMA hang workarounds
[    4.603303] Unpacking initramfs...
[   4.856320] Freeing initrd memory: 14832K
[    5.065163] clocksource: tsc: mask: 0xffffffffffffffff max_cycles: 0x2b2296bc2b9, max_idle_ns: 440795321505 ns
[    5.073613] platform rtc_cmos: registered platform RTC device (no PNP device found)
[    5.130694] Scanning for low memory corruption every 60 seconds
[    5.244851] audit: initializing netlink subsys (disabled)
[    5.246612] audit: type=2000 audit(1566493057.993:1): initialized
[    5.248958] Initialise system trusted keyring
[    5.250682] HugeTLB registered 2 MB page size, pre-allocated 0 pages
[    5.254548] zbud: loaded
[    5.256123] VFS: Disk quotas dquot_6.6.0
[    5.257582] VFS: Dquot-cache hash table entries: 512 (order 0, 4096 bytes)
[    5.260012] squashfs: version 4.0 (2009/01/31) Phillip Lougher
[    5.262216] fuse init (API version 7.23)
[    5.263803] Key type big_key registered
[    5.265217] Allocating IMA MOK and blacklist keyrings.
[    5.269041] Key type asymmetric registered
[    5.270487] Asymmetric key parser 'x509' registered
[    5.272260] Block layer SCSI generic (bsg) driver version 0.4 loaded (major 249)
[    5.275083] io scheduler noop registered
[    5.276506] io scheduler deadline registered (default)
[    5.278223] io scheduler cfq registered
[    5.314749] pci_hotplug: PCI Hot Plug PCI Core version: 0.5
[    5.316582] pciehp: PCI Express Hot Plug Controller Driver version: 0.4
[    5.364560] ACPI: AC Adapter [AC] (on-line)
[    5.366169] input: Power Button as /devices/LNXSYSTM:00/LNXPWRBN:00/input/input0
[    5.368782] ACPI: Power Button [PWRF]
[    5.370233] input: Sleep Button as /devices/LNXSYSTM:00/LNXSLPBN:00/input/input1
[    5.372837] ACPI: Sleep Button [SLPF]
[    5.374656] GHES: HEST is not enabled!
[    5.384608] Serial: 8250/16550 driver, 32 ports, IRQ sharing enabled
[    5.409320] 00:02: ttyS0 at I/O 0x3f8 (irq = 4, base_baud = 115200) is a 16550A
[    5.413506] Linux agpgart interface v0.103
[    5.427392] loop: module loaded
[    5.429596] scsi host0: ata_piix
[    5.435090] scsi host1: ata_piix
[    5.454916] ata1: PATA max UDMA/33 cmd 0x1f0 ctl 0x3f6 bmdma 0xd000 irq 14
[    5.456977] ata2: PATA max UDMA/33 cmd 0x170 ctl 0x376 bmdma 0xd008 irq 15
[    5.459252] libphy: Fixed MDIO Bus: probed
[    5.475081] tun: Universal TUN/TAP device driver, 1.6
[    5.495259] tun: (C) 1999-2004 Max Krasnyansky <maxk@qualcomm.com>
[    5.497195] PPP generic driver version 2.4.2
[    5.498808] ehci_hcd: USB 2.0 'Enhanced' Host Controller (EHCI) Driver
[    5.504681] ehci-pci: EHCI PCI platform driver
[    5.506254] ehci-platform: EHCI generic platform driver
[    5.507970] ohci_hcd: USB 1.1 'Open' Host Controller (OHCI) Driver
[    5.509917] ohci-pci: OHCI PCI platform driver
[    5.511461] ohci-platform: OHCI generic platform driver
[    5.513160] uhci_hcd: USB Universal Host Controller Interface driver
[    5.515244] i8042: PNP: PS/2 Controller [PNP0303:PS2K,PNP0f03:PS2M] at 0x60,0x64 irq 1,12
[    5.518788] serio: i8042 KBD port at 0x60,0x64 irq 1
[    5.520436] serio: i8042 AUX port at 0x60,0x64 irq 12
[    5.522251] mousedev: PS/2 mouse device common for all mice
[    5.546122] rtc_cmos rtc_cmos: rtc core: registered rtc_cmos as rtc0
[    5.548131] input: AT Translated Set 2 keyboard as /devices/platform/i8042/serio0/input/input2
[    5.551225] rtc_cmos rtc_cmos: alarms up to one day, 114 bytes nvram
[    5.553157] i2c /dev entries driver
[    5.614681] device-mapper: uevent: version 1.0.3
[    5.724801] device-mapper: ioctl: 4.34.0-ioctl (2015-10-28) initialised: dm-devel@redhat.com
[    5.756600] ledtrig-cpu: registered to indicate activity on CPUs
[    5.903518] NET: Registered protocol family 10
[    5.915653] NET: Registered protocol family 17
[    6.025056] Key type dns_resolver registered
[    6.026920] registered taskstats version 1
[    6.028379] Loading compiled-in X.509 certificates
[    6.030897] Loaded X.509 cert 'Build time autogenerated kernel key: d14182f9795b80ec340f636a5a08bf5817ccd8e7'
[    6.135587] zswap: loaded using pool lzo/zbud
[    6.150337] Key type trusted registered
[    6.177212] Key type encrypted registered
[    6.178758] AppArmor: AppArmor sha1 policy hashing enabled
[    6.180564] ima: No TPM chip found, activating TPM-bypass!
[    6.182342] ima: Allocated hash algorithm: sha1
[    6.194710] evm: HMAC attrs: 0x1
[    6.252867]   Magic number: 15:804:995
[    6.255981] rtc_cmos rtc_cmos: setting system clock to 2019-08-22 16:57:36 UTC (1566493056)
[    6.266271] BIOS EDD facility v0.16 2004-Jun-25, 0 devices found
[    6.268516] EDD information not available.
[    6.292630] Freeing unused kernel memory: 1488K
[    6.305796] Write protecting the kernel read-only data: 14336k
[    6.321501] Freeing unused kernel memory: 1608K
[    6.325491] Freeing unused kernel memory: 64K
Loading, please wait...
starting version 229
[    6.464302] random: systemd-udevd: uninitialized urandom read (16 bytes read, 2 bits of entropy available)
[    6.470936] random: systemd-udevd: uninitialized urandom read (16 bytes read, 2 bits of entropy available)
[    6.474363] random: udevadm: uninitialized urandom read (16 bytes read, 2 bits of entropy available)
[    6.474713] random: udevadm: uninitialized urandom read (16 bytes read, 2 bits of entropy available)
[    6.485958] random: systemd-udevd: uninitialized urandom read (16 bytes read, 2 bits of entropy available)
[    6.490951] random: systemd-udevd: uninitialized urandom read (16 bytes read, 2 bits of entropy available)
[    6.523700] random: systemd-udevd: uninitialized urandom read (16 bytes read, 2 bits of entropy available)
[    6.530494] random: systemd-udevd: uninitialized urandom read (16 bytes read, 2 bits of entropy available)
[    6.535510] random: systemd-udevd: uninitialized urandom read (16 bytes read, 2 bits of entropy available)
[    6.544146] random: systemd-udevd: uninitialized urandom read (16 bytes read, 2 bits of entropy available)
[    6.835988] e1000: Intel(R) PRO/1000 Network Driver - version 7.3.21-k8-NAPI
[    6.856153] e1000: Copyright (c) 1999-2006 Intel Corporation.
[    6.866187] Fusion MPT base driver 3.04.20
[    6.868469] Copyright (c) 1999-2008 LSI Corporation
[    6.891584] Fusion MPT SPI Host driver 3.04.20
[    7.088489] input: ImExPS/2 Generic Explorer Mouse as /devices/platform/i8042/serio1/input/input4
[    8.079152] e1000 0000:00:03.0 eth0: (PCI:33MHz:32-bit) 02:52:2e:48:de:28
[    8.086520] e1000 0000:00:03.0 eth0: Intel(R) PRO/1000 Network Connection
[    8.090687] mptbase: ioc0: Initiating bringup
[    8.097030] e1000 0000:00:03.0 enp0s3: renamed from eth0
[    8.158159] ioc0: LSI53C1030 A0: Capabilities={Initiator}
[    8.323540] scsi host2: ioc0: LSI53C1030 A0, FwRev=00000000h, Ports=1, MaxQ=256, IRQ=20
[    8.439160] scsi 2:0:0:0: Direct-Access     VBOX     HARDDISK         1.0  PQ: 0 ANSI: 5
[    8.488771] scsi target2:0:0: Beginning Domain Validation
[    8.501532] scsi target2:0:0: Domain Validation skipping write tests
[    8.604734] scsi target2:0:0: Ending Domain Validation
[    8.714733] scsi target2:0:0: asynchronous
[    8.717003] scsi 2:0:1:0: Direct-Access     VBOX     HARDDISK         1.0  PQ: 0 ANSI: 5
[    8.719898] scsi target2:0:1: Beginning Domain Validation
[    8.723377] scsi target2:0:1: Domain Validation skipping write tests
[    8.725331] scsi target2:0:1: Ending Domain Validation
[    8.727121] scsi target2:0:1: asynchronous
[    8.737088] sd 2:0:0:0: [sda] 20971520 512-byte logical blocks: (10.7 GB/10.0 GiB)
[    8.745885] sd 2:0:0:0: Attached scsi generic sg0 type 0
[    8.746386] sd 2:0:0:0: [sda] Write Protect is off
[    8.746494] sd 2:0:0:0: [sda] Incomplete mode parameter data
[    8.746496] sd 2:0:0:0: [sda] Assuming drive cache: write through
[    8.759992]  sda: sda1
[    8.761871] sd 2:0:0:0: [sda] Attached SCSI disk
[    8.807669] sd 2:0:1:0: [sdb] 20480 512-byte logical blocks: (10.5 MB/10.0 MiB)
[    8.810523] sd 2:0:1:0: [sdb] Write Protect is off
[    8.812563] sd 2:0:1:0: [sdb] Incomplete mode parameter data
[    8.814439] sd 2:0:1:0: [sdb] Assuming drive cache: write through
[    8.814521] sd 2:0:1:0: Attached scsi generic sg1 type 0
[    8.841472] sd 2:0:1:0: [sdb] Attached SCSI disk
Begin: Loading essential drivers ... [   11.274441] md: linear personality registered for level -1
[   11.302833] md: multipath personality registered for level -4
[   11.331792] md: raid0 personality registered for level 0
[   11.363637] md: raid1 personality registered for level 1
[   11.465757] raid6: sse2x1   gen()  4699 MB/s
[   11.537766] raid6: sse2x1   xor()  4699 MB/s
[   11.701769] raid6: sse2x2   gen()  5845 MB/s
[   11.772256] raid6: sse2x2   xor()  6193 MB/s
[   11.853765] raid6: sse2x4   gen()  8497 MB/s
[   11.945763] raid6: sse2x4   xor()  6617 MB/s
[   11.947258] raid6: using algorithm sse2x4 gen() 8497 MB/s
[   11.948979] raid6: .... xor() 6617 MB/s, rmw enabled
[   11.950618] raid6: using ssse3x2 recovery algorithm
[   11.959134] xor: measuring software checksum speed
[   12.033854]    prefetch64-sse: 29607.000 MB/sec
[   12.133625]    generic_sse: 52181.000 MB/sec
[   12.135305] xor: using function: generic_sse (52181.000 MB/sec)
[   12.140643] async_tx: api initialized (async)
[   12.200239] md: raid6 personality registered for level 6
[   12.216548] md: raid5 personality registered for level 5
[   12.218532] md: raid4 personality registered for level 4
[   12.269602] md: raid10 personality registered for level 10
done.
Begin: Running /scripts/init-premount ... done.
Begin: Mounting root file system ... Begin: Running /scripts/local-top ... done.
Begin: Running /scripts/local-premount ... [   12.414555] Btrfs loaded
Scanning for Btrfs filesystems
done.
Warning: fsck not present, so skipping root file system
[   12.641033] EXT4-fs (sda1): mounted filesystem with ordered data mode. Opts: (null)
done.
Begin: Running /scripts/local-bottom ... done.
Begin: Running /scripts/init-bottom ... done.
[   13.456491] systemd[1]: systemd 229 running in system mode. (+PAM +AUDIT +SELINUX +IMA +APPARMOR +SMACK +SYSVINIT +UTMP +LIBCRYPTSETUP +GCRYPT +GNUTLS +ACL +XZ -LZ4 +SECCOMP +BLKID +ELFUTILS +KMOD -IDN)
[   13.467574] systemd[1]: Detected virtualization oracle.
[   13.469302] systemd[1]: Detected architecture x86-64.

Welcome to [1mUbuntu 16.04.6 LTS[0m!

[   13.555463] systemd[1]: Set hostname to <ubuntu>.
[   13.664238] systemd[1]: Initializing machine ID from random generator.
[   13.747303] systemd[1]: Installed transient /etc/machine-id file.
[   13.935347] random: nonblocking pool is initialized
[   14.658426] systemd[1]: Listening on Journal Socket (/dev/log).
[[0;32m  OK  [0m] Listening on Journal Socket (/dev/log).
[   14.694616] systemd[1]: Listening on Journal Audit Socket.
[[0;32m  OK  [0m] Listening on Journal Audit Socket.
[   14.704543] systemd[1]: Listening on LVM2 metadata daemon socket.
[[0;32m  OK  [0m] Listening on LVM2 metadata daemon socket.
[   14.709086] systemd[1]: Set up automount Arbitrary Executable File Formats File System Automount Point.
[[0;32m  OK  [0m] Set up automount Arbitrary Executab...ats File System Automount Point.
[   14.803347] systemd[1]: Listening on Syslog Socket.
[[0;32m  OK  [0m] Listening on Syslog Socket.
[   14.833191] systemd[1]: Started Trigger resolvconf update for networkd DNS.
[[0;32m  OK  [0m] Started Trigger resolvconf update for networkd DNS.
[   14.899118] systemd[1]: Created slice User and Session Slice.
[[0;32m  OK  [0m] Created slice User and Session Slice.
[   14.902955] systemd[1]: Reached target System Time Synchronized.
[[0;32m  OK  [0m] Reached target System Time Synchronized.
[   14.945277] systemd[1]: Reached target Swap.
[[0;32m  OK  [0m] Reached target Swap.
[   14.977967] systemd[1]: Started Forward Password Requests to Wall Directory Watch.
[[0;32m  OK  [0m] Started Forward Password Requests to Wall Directory Watch.
[   14.988778] systemd[1]: Listening on Journal Socket.
[[0;32m  OK  [0m] Listening on Journal Socket.
[   14.992348] systemd[1]: Listening on /dev/initctl Compatibility Named Pipe.
[[0;32m  OK  [0m] Listening on /dev/initctl Compatibility Named Pipe.
[   14.996461] systemd[1]: Reached target Encrypted Volumes.
[[0;32m  OK  [0m] Reached target Encrypted Volumes.
[   15.000099] systemd[1]: Listening on LVM2 poll daemon socket.
[[0;32m  OK  [0m] Listening on LVM2 poll daemon socket.
[   15.003871] systemd[1]: Listening on udev Kernel Socket.
[[0;32m  OK  [0m] Listening on udev Kernel Socket.
[   15.007380] systemd[1]: Reached target User and Group Name Lookups.
[[0;32m  OK  [0m] Reached target User and Group Name Lookups.
[   15.011453] systemd[1]: Listening on Device-mapper event daemon FIFOs.
[[0;32m  OK  [0m] Listening on Device-mapper event daemon FIFOs.
[   15.015729] systemd[1]: Listening on udev Control Socket.
[[0;32m  OK  [0m] Listening on udev Control Socket.
[   15.020212] systemd[1]: Created slice System Slice.
[[0;32m  OK  [0m] Created slice System Slice.
[   15.051138] systemd[1]: Starting Set console keymap...
         Starting Set console keymap...
[   15.120074] systemd[1]: Starting Create list of required static device nodes for the current kernel...
         Starting Create list of required st... nodes for the current kernel...
[   15.243079] systemd[1]: Starting Monitoring of LVM2 mirrors, snapshots etc. using dmeventd or progress polling...
         Starting Monitoring of LVM2 mirrors... dmeventd or progress polling...
[   15.281609] systemd[1]: Starting Uncomplicated firewall...
         Starting Uncomplicated firewall...
[   15.314709] systemd[1]: Mounting Huge Pages File System...
         Mounting Huge Pages File System...
[   15.408090] systemd[1]: Mounting POSIX Message Queue File System...
         Mounting POSIX Message Queue File System...
[   15.439721] systemd[1]: Starting Nameserver information manager...
         Starting Nameserver information manager...
[   15.514223] systemd[1]: Mounting Debug File System...
         Mounting Debug File System...
[   15.574820] systemd[1]: Starting Remount Root and Kernel File Systems...
         Starting Remount Root and Kernel File Systems...
[   15.616681] systemd[1]: Starting Load Kernel Modules...
         Starting Load Kernel Modules...
[   15.638307] systemd[1]: Reached target Slices.
[[0;32m  OK  [[   15.643164] EXT4-fs (sda1): re-mounted. Opts: (null)
0m] Reached target Slices.
[   15.709202] Loading iSCSI transport class v2.0-870.
[   15.710669] systemd[1]: Starting Journal Service...
         Starting Journal Service...
[   15.735387] systemd[1]: Created slice system-serial\x2dgetty.slice.
[[0;32m  OK  [0m] Created slice system-serial\x2dgetty.slice.
[   15.763096] systemd[1]: Mounted Debug File System.
[[0;32m  OK  [0m] Mounted Debug File System.
[   15.780947] iscsi: registered transport (tcp)
[   15.786107] systemd[1]: Mounted Huge Pages File System.
[[0;32m  OK  [0m] Mounted Huge Pages File System.
[   15.800077] systemd[1]: Mounted POSIX Message Queue File System.
[[0;32m  OK  [0m] Mounted POSIX Message Queue File System.
[   15.817584] systemd[1]: Started Set console keymap.
[[0;32m  OK  [0m] Started Set console keymap.
[   15.848259] systemd[1]: Started Create list of required static device nodes for the current kernel.
[[0;32m  OK  [0m] Started Create list of required sta...ce nodes for the current kernel.
[   15.880996] systemd[1]: Started Uncomplicated firewall.
[[0;32m  OK  [0m] Started Uncomplicated firewall.
[   15.913036] iscsi: registered transport (iser)
[   15.938706] systemd[1]: Started Remount Root and Kernel File Systems.
[[0;32m  OK  [0m] Started Remount Root and Kernel File Systems.
[   15.966712] systemd[1]: Started Load Kernel Modules.
[[0;32m  OK  [0m] Started Load Kernel Modules.
[   15.998889] systemd[1]: Started Nameserver information manager.
[[0;32m  OK  [0m] Started Nameserver information manager.
[   16.025150] systemd[1]: Started Journal Service.
[[0;32m  OK  [0m] Started Journal Service.
[[0;32m  OK  [0m] Started LVM2 metadata daemon.
         Mounting FUSE Control File System...
         Starting Apply Kernel Variables...
         Starting udev Coldplug all Devices...
         Starting Flush Journal to Persistent Storage...
         Starting Load/Save Random Seed...
         Starting Create Static Device Nodes in /dev...
[[0;32m  OK  [0m] Mounted FUSE Control File System.
[[0;32m  OK  [0m] Started Apply Kernel Variables.
[[0;32m  OK  [0m] Started Load/Save Random Seed.
[[0;32m  OK  [0m] Started Monitoring of LVM2 mirrors,...ng dmeventd or progress polling.
[[0;32m  OK  [0m] Started Create Static Device Nodes in /dev.
         Starting udev Kernel Device Manager...
[[0;32m  OK  [0m] Reached target Local File Systems (Pre).
[[0;32m  OK  [0m] Reached target Local File Systems.
         Starting Commit a transient machine-id on disk...
         Starting Initial cloud-init job (pre-networking)...
         Starting Tell Plymouth To Write Out Runtime Data...
         Starting LSB: AppArmor initialization...
         Starting Set console font and keymap...
[[0;32m  OK  [0m] Started Flush Journal to Persistent Storage.
[[0;32m  OK  [0m] Started Commit a transient machine-id on disk.
[[0;32m  OK  [0m] Started Tell Plymouth To Write Out Runtime Data.
[[0;32m  OK  [0m] Started udev Coldplug all Devices.
         Starting Create Volatile Files and Directories...
[[0;32m  OK  [0m] Started udev Kernel Device Manager.
[[0;32m  OK  [0m] Started Create Volatile Files and Directories.
         Starting Update UTMP about System Boot/Shutdown...
[[0;32m  OK  [0m] Started Dispatch Password Requests to Console Directory Watch.
[[0;32m  OK  [0m] Started Update UTMP about System Boot/Shutdown.
[[0;32m  OK  [0m] Found device /dev/ttyS0.
[[0;32m  OK  [0m] Listening on Load/Save RF Kill Switch Status /dev/rfkill Watch.
[[0;32m  OK  [0m] Started LSB: AppArmor initialization.
[   19.819798] cloud-init[459]: Cloud-init v. 19.1-1-gbaa47854-0ubuntu1~16.04.1 running 'init-local' at Thu, 22 Aug 2019 16:57:52 +0000. Up 18.07 seconds.
[[0;32m  OK  [0m] Started Initial cloud-init job (pre-networking).
[[0;32m  OK  [0m] Reached target Network (Pre).
         Starting Raise network interfaces...
[[0;32m  OK  [0m] Started Set console font and keymap.
[[0;32m  OK  [0m] Created slice system-getty.slice.
[[0;32m  OK  [0m] Started Raise network interfaces.
[[0;32m  OK  [0m] Reached target Network.
         Starting Initial cloud-init job (metadata service crawler)...
[   26.959008] cloud-init[940]: Cloud-init v. 19.1-1-gbaa47854-0ubuntu1~16.04.1 running 'init' at Thu, 22 Aug 2019 16:57:57 +0000. Up 23.35 seconds.
[   27.019099] cloud-init[940]: ci-info: ++++++++++++++++++++++++++++++++++++++Net device info++++++++++++++++++++++++++++++++++++++
[   27.029651] cloud-init[940]: ci-info: +--------+------+----------------------------+---------------+--------+-------------------+
[   27.033186] cloud-init[940]: ci-info: | Device |  Up  |          Address           |      Mask     | Scope  |     Hw-Address    |
[   27.036722] cloud-init[940]: ci-info: +--------+------+----------------------------+---------------+--------+-------------------+
[   27.071264] cloud-init[940]: ci-info: | enp0s3 | True |         10.0.2.15          | 255.255.255.0 | global | 02:52:2e:48:de:28 |
[   27.076996] cloud-init[940]: ci-info: | enp0s3 | True | fe80::52:2eff:fe48:de28/64 |       .       |  link  | 02:52:2e:48:de:28 |
[   27.090411] cloud-init[940]: ci-info: |   lo   | True |         127.0.0.1          |   255.0.0.0   |  host  |         .         |
[   27.110641] cloud-init[940]: ci-info: |   lo   | True |          ::1/128           |       .       |  host  |         .         |
[   27.170573] cloud-init[940]: ci-info: +--------+------+----------------------------+---------------+--------+-------------------+
[   27.240856] cloud-init[940]: ci-info: +++++++++++++++++++++++++++Route IPv4 info++++++++++++++++++++++++++++
[[0;32m  OK  [0m] Started Initial cloud-init job (metadata service crawler).
[   27.251275] cloud-init[940]: ci-info: +-------+-------------+----------+---------------+-----------+-------+
[   27.368186] cloud-init[940]: ci-info: | Route | Destination | Gateway  |    Genmask    | Interface | Flags |
[[0;32m  OK  [0m] Reached target System Initialization.
[   27.368547] cloud-init[940]: ci-info: +-------+-------------+----------+---------------+-----------+-------+
         Starting Socket activation for snappy daemon.
[[   27.649649] cloud-init[940]: ci-info: |   0   |   0.0.0.0   | 10.0.2.2 |    0.0.0.0    |   enp0s3  |   UG  |
[   27.658017] cloud-init[940]: ci-info: |   1   |   10.0.2.0  | 0.0.0.0  | 255.255.255.0 |   enp0s3  |   U   |
[   27.659050] cloud-init[940]: ci-info: +-------+-------------+----------+---------------+-----------+-------+
[0;32m  OK  [0m] Listening on UUID daemon activation socket.
[   27.661049] cloud-init[940]: ci-info: +++++++++++++++++++Route IPv6 info+++++++++++++++++++
[   27.688208] cloud-init[940]: ci-info: +-------+-------------+---------+-----------+-------+
[   27.734562] cloud-init[940]: ci-info: | Route | Destination | Gateway | Interface | Flags |
[[0;32m  OK  [0m] Started ACPI Events Check.
[   27.734935] cloud-init[940]: ci-info: +-------+-------------+---------+-----------+-------+
[   27.896706] cloud-init[940]: ci-info: |   0   |  fe80::/64  |    ::   |   enp0s3  |   U   |
[   27.960754] cloud-init[940]: ci-info: |   4   |   ff00::/8  |    ::   |   enp0s3  |   U   |
[[0;32m  OK  [0m] Reached target Paths.
[   27.961160] cloud-init[940]: ci-info: +-------+-------------+---------+-----------+-------+
[[0;32m  OK  [0m] Started Daily Cleanup of Temporary Directories.
[   27.992102] cloud-init[940]: Generating public/private rsa key pair.
[   28.047602] cloud-init[940]: Your identification has been saved in /etc/ssh/ssh_host_rsa_key.
         Starting LXD - unix socket.
[[0;32m  OK  [0m] Started Daily apt download activities.
[[0;32m  OK  [0m] Started Daily apt upgrade and clean activities.
[[0;32m  OK  [0m] Reached target Timers.
[[   28.048752] cloud-init[940]: Your public key has been saved in /etc/ssh/ssh_host_rsa_key.pub.
[0;32m  OK  [0m] Listening on D-Bus System Message Bus Socket.
[[0;32m  OK  [0m] Listening on ACPID Listen Socket.
[   28.114917] cloud-init[940]: The key fingerprint is:
[[0;32m  OK  [0m] Reached target Cloud-config availability.
[   28.119762] cloud-init[940]: SHA256:Ch+C2jDrSfI4gwwOfUY7psaD5i5SaODFRMwran4655w root@ubuntu-xenial
[[0;32m  OK  [0m] Reached target Network is Online.
[   28.132272] cloud-init[940]: The key's randomart image is:
[   28.140477] cloud-init[940]: +---[RSA 2048]----+
[   28.143829] cloud-init[940]: |  +.             |
[   28.147263] cloud-init[940]: |   +             |
[   28.154664] cloud-init[940]: |  o .            |
[   28.160905] cloud-init[940]: |.. =.            |
[   28.164107] cloud-init[940]: |*o+.o.. S        |
[   28.171640] cloud-init[940]: |=Xo *+ o         |
[   28.188425] cloud-init[940]: |&=.= .o          |
[   28.200531] cloud-init[940]: |@OBo.            |
         Starting iSCSI initiator daemon (iscsid)...
[[0;32m  OK  [0m] Listening on Socket activation for snappy daemon.
[[0;32m  OK  [0m] Listening on LXD - unix socket.
[   28.219968] cloud-init[940]: |BXBE             |
[[0;32m  OK  [0m] Reached target Sockets.
[   28.265326] cloud-init[940]: +----[SHA256]-----+
[[0;32m  OK  [0m] Reached target Basic System.
[   28.276304] cloud-init[940]: Generating public/private dsa key pair.
[   28.312479] cloud-init[940]: Your identification has been saved in /etc/ssh/ssh_host_dsa_key.
[   28.320718] cloud-init[940]: Your public key has been saved in /etc/ssh/ssh_host_dsa_key.pub.
         Starting LXD - container startup/shutdown...
[   28.323861] cloud-init[940]: The key fingerprint is:
[[0;32m  OK  [0m] [   28.407165] cloud-init[940]: SHA256:PNV+FZ8dHvJDxNtKhpXJawUjArRsKS2PWtRIwE6gTiI root@ubuntu-xenial
[   28.413596] cloud-init[940]: The key's randomart image is:
[   28.414252] cloud-init[940]: +---[DSA 1024]----+
[   28.415055] cloud-init[940]: |  .o....o.. .o=X |
[   28.415309] cloud-init[940]: | .  o. = o o .XoO|
[   28.415550] cloud-init[940]: |E. o  = B . .o B*|
Started Deferred execution scheduler.
[   28.417644] cloud-init[940]: |=   .. B . .. =oo|
[   28.653896] cloud-init[940]: | .    o S   .+.. |
[   28.657453] cloud-init[940]: |     o   .   ..  |
[   28.665861] cloud-init[940]: |    .            |
         Starting System Logging Service...
[   28.673839] cloud-init[940]: |                 |
[   28.710359] cloud-init[940]: |                 |
[   28.750512] cloud-init[940]: +----[SHA256]-----+
[[0;32m  OK  [0m] Started D-Bus System Message Bus.
[   28.751313] cloud-init[940]: Generating public/private ecdsa key pair.
[   28.766812] cloud-init[940]: Your identification has been saved in /etc/ssh/ssh_host_ecdsa_key.
[   28.837017] cloud-init[940]: Your public key has been saved in /etc/ssh/ssh_host_ecdsa_key.pub.
[   28.869693] cloud-init[940]: The key fingerprint is:
[   28.872911] cloud-init[940]: SHA256:t3cOpH1glQ99jwcXIrZ4SmfrNxkDqK92BipeyLmVJms root@ubuntu-xenial
[   28.929100] cloud-init[940]: The key's randomart image is:
[   29.024597] cloud-init[940]: +---[ECDSA 256]---+
[   29.066225] cloud-init[940]: |           o . . |
[   29.117139] cloud-init[940]: |          + o .o.|
[   29.128490] cloud-init[940]: |         + *  = +|
[   29.133833] cloud-init[940]: |        o = o. *o|
[[0;32m  OK  [0m] Started ACPI event daemon.
[   29.157290] cloud-init[940]: |       .S...+o. +|
[   29.245363] cloud-init[940]: |  . o .....* .+. |
[   29.246174] cloud-init[940]: |   = =. ..o.++o  |
[   29.247699] cloud-init[940]: |   EB. ..o ..=.  |
[   29.248637] cloud-init[940]: |  o+. ..o     .  |
[   29.265244] cloud-init[940]: +----[SHA256]-----+
[   29.270256] cloud-init[940]: Generating public/private ed25519 key pair.
[   29.270549] cloud-init[940]: Your identification has been saved in /etc/ssh/ssh_host_ed25519_key.
[   29.270822] cloud-init[940]: Your public key has been saved in /etc/ssh/ssh_host_ed25519_key.pub.
[   29.271093] cloud-init[940]: The key fingerprint is:
[   29.271373] cloud-init[940]: SHA256:iWujVL+LjVMxbhaq/EHIbkrpQCcRmfT5pHwhlvQAZV8 root@ubuntu-xenial
[   29.271647] cloud-init[940]: The key's randomart image is:
[   29.271931] cloud-init[940]: +--[ED25519 256]--+
[   29.272204] cloud-init[940]: |.+==   E         |
[   29.272480] cloud-init[940]: | o= * .          |
[   29.272819] cloud-init[940]: | . * =           |
[   29.273114] cloud-init[940]: |  +.=...+.       |
[   29.273395] cloud-init[940]: | o +oo+oS+       |
[   29.279746] cloud-init[940]: |. oo.o.o=        |
[   29.280133] cloud-init[940]: |. o.+.=+.        |
[   29.280844] cloud-init[940]: | + +oo.* .       |
         Starting LSB: Record successful boot for GRUB...
[   29.286314] cloud-init[940]: |  o ..+.+.       |
[   29.399963] cloud-init[940]: +----[SHA256]-----+
         Starting Pollinate to seed the pseudo random number generator...
         Starting Login Service...
         Starting Accounts Service...
[[0;32m  OK  [0m] Started Regular background program processing daemon.
         Starting LSB: MD monitoring daemon...
         Starting /etc/rc.local Compatibility...
[[0;32m  OK  [0m] Started FUSE filesystem for LXC.
         Starting Virtualbox guest utils...
         Starting Snappy daemon...
[[0;32m  OK  [0m] Started System Logging Service.
[[0;32m  OK  [0m] Started LXD - container startup/shutdown.
[[0;32m  OK  [0m] Started /etc/rc.local Compatibility.
[[0;32m  OK  [0m] Started iSCSI initiator daemon (iscsid).
[[0;32m  OK  [0m] Started Login Service.
[[0;32m  OK  [0m] Started Unattended Upgrades Shutdown.
         Starting Authenticate and Authorize Users to Run Privileged Tasks...
         Starting Login to default iSCSI targets...
[[0;32m  OK  [0m] Started LSB: Record successful boot for GRUB.
[[0;32m  OK  [0m] Started Login to default iSCSI targets.
[[0;32m  OK  [0m] Started LSB: MD monitoring daemon.
[[0;32m  OK  [0m] Reached target Remote File Systems (Pre).
[[0;32m  OK  [0m] Reached target Remote File Systems.
         Starting Permit User Sessions...
         Starting LSB: automatic crash report generation...
         Starting LSB: Set the CPU Frequency Scaling governor to "ondemand"...
         Starting LSB: daemon to balance interrupts for SMP systems...
[[0;32m  OK  [0m] Started Authenticate and Authorize Users to Run Privileged Tasks.
[[0;32m  OK  [0m] Started Accounts Service.
[[0;32m  OK  [0m] Started Permit User Sessions.
         Starting Terminate Plymouth Boot Screen...
         Starting Hold until boot process finishes up...
[[0;32m  OK  [0m] Started Hold until boot process finishes up.
         Starting Set console scheme...
[[0;32m  OK  [0m] Started Getty on tty1.
[[0;32m  OK  [0m] Started Serial Getty on ttyS0.
[[0;32m  OK  [0m] Reached target Login Prompts.
[[0;32m  OK  [0m] Started LSB: Set the CPU Frequency Scaling governor to "ondemand".
[[0;32m  OK  [0m] Started Terminate Plymouth Boot Screen.
[[0;32m  OK  [0m] Started Set console scheme.
[[0;32m  OK  [0m] Started Virtualbox guest utils.
[[0;32m  OK  [0m] Started LSB: automatic crash report generation.
[[0;32m  OK  [0m] Started LSB: daemon to balance interrupts for SMP systems.
[[0;32m  OK  [0m] Started Snappy daemon.
         Starting Wait until snapd is fully seeded...
[[0;32m  OK  [0m] Started Pollinate to seed the pseudo random number generator.
         Starting OpenBSD Secure Shell server...
[[0;32m  OK  [0m] Started OpenBSD Secure Shell server.
[[0;32m  OK  [0m] Created slice User Slice of vagrant.
[[0;32m  OK  [0m] Started Session 1 of user vagrant.
         Starting User Manager for UID 1000...
[[0;32m  OK  [0m] Started User Manager for UID 1000.
[[0;32m  OK  [0m] Started Wait until snapd is fully seeded.
[[0;32m  OK  [0m] Reached target Multi-User System.
[[0;32m  OK  [0m] Reached target Graphical Interface.
         Starting Update UTMP about System Runlevel Changes...
         Starting Apply the settings specified in cloud-config...
[[0;32m  OK  [0m] Started Update UTMP about System Runlevel Changes.

Ubuntu 16.04.6 LTS ubuntu-xenial ttyS0

ubuntu-xenial login: [   39.888830] cloud-init[1377]: Generating locales (this might take a while)...
[   43.261305] cloud-init[1377]:   en_US.UTF-8... done
[   43.262644] cloud-init[1377]: Generation complete.
[   44.963315] cloud-init[1377]: Cloud-init v. 19.1-1-gbaa47854-0ubuntu1~16.04.1 running 'modules:config' at Thu, 22 Aug 2019 16:58:13 +0000. Up 39.09 seconds.
ci-info: no authorized ssh keys fingerprints found for user ubuntu.
<14>Aug 22 16:58:21 ec2: 
<14>Aug 22 16:58:21 ec2: #############################################################
<14>Aug 22 16:58:21 ec2: -----BEGIN SSH HOST KEY FINGERPRINTS-----
<14>Aug 22 16:58:21 ec2: 1024 SHA256:PNV+FZ8dHvJDxNtKhpXJawUjArRsKS2PWtRIwE6gTiI root@ubuntu-xenial (DSA)
<14>Aug 22 16:58:21 ec2: 256 SHA256:t3cOpH1glQ99jwcXIrZ4SmfrNxkDqK92BipeyLmVJms root@ubuntu-xenial (ECDSA)
<14>Aug 22 16:58:21 ec2: 256 SHA256:iWujVL+LjVMxbhaq/EHIbkrpQCcRmfT5pHwhlvQAZV8 root@ubuntu-xenial (ED25519)
<14>Aug 22 16:58:21 ec2: 2048 SHA256:Ch+C2jDrSfI4gwwOfUY7psaD5i5SaODFRMwran4655w root@ubuntu-xenial (RSA)
<14>Aug 22 16:58:21 ec2: -----END SSH HOST KEY FINGERPRINTS-----
<14>Aug 22 16:58:21 ec2: #############################################################
-----BEGIN SSH HOST KEY KEYS-----
ecdsa-sha2-nistp256 AAAAE2VjZHNhLXNoYTItbmlzdHAyNTYAAAAIbmlzdHAyNTYAAABBBEXRW7SU63CwcT/ULuALyqdfzZ3hp5qKTInMbiDk9VBmJ8iPc6BATd0rCWxwiVPnIsunetdiL9q+Vn2uimep7So= root@ubuntu-xenial
ssh-ed25519 AAAAC3NzaC1lZDI1NTE5AAAAIAYwpRB2/SEI069h9kakgTiNGzZmU9K7oj77akgiOZ4L root@ubuntu-xenial
ssh-rsa AAAAB3NzaC1yc2EAAAADAQABAAABAQDCH8XePQ+dFH6TX4UPkpgFbtczUAIa5DUAz/Sbx4PrYpB14uyJaCRpsRCXmgKG6Ev5WkmRh2vH7Klbiv3qD5Drg/BnQdU06VXIgirP/c/9EP2wIsQL9rtCOgtCk2EDaDmOu5tsOO9UUQBxzMKzvlr0QogUlsNRYGp4XJ4sjOBxFz0nmfORnqLcva0cbyqT9+N6HEXLvkOdI6YqsU68W2l46S+Gox0UoWQfAnuZlFAn9txhHpeXwNyoibp7reW44L7X+9SELTZRdQDvEoRqDN/9XsKjSCs3TtLQxh7XrRGH+lyrde5yPfTJfwXzV5wrVN+zhmbbul1Xb1/r8SPhi6EV root@ubuntu-xenial
-----END SSH HOST KEY KEYS-----
[   47.311531] cloud-init[1541]: Cloud-init v. 19.1-1-gbaa47854-0ubuntu1~16.04.1 running 'modules:final' at Thu, 22 Aug 2019 16:58:20 +0000. Up 46.37 seconds.
[   47.312797] cloud-init[1541]: ci-info: no authorized ssh keys fingerprints found for user ubuntu.
[   47.313636] cloud-init[1541]: Cloud-init v. 19.1-1-gbaa47854-0ubuntu1~16.04.1 finished at Thu, 22 Aug 2019 16:58:21 +0000. Datasource DataSourceNoCloud [seed=/dev/sdb][dsmode=net].  Up 47.22 seconds
