[    0.000000] Initializing cgroup subsys cpuset
[    0.000000] Initializing cgroup subsys cpu
[    0.000000] Initializing cgroup subsys cpuacct
[    0.000000] Linux version 4.4.0-159-generic (buildd@lgw01-amd64-042) (gcc version 5.4.0 20160609 (Ubuntu 5.4.0-6ubuntu1~16.04.10) ) #187-Ubuntu SMP Thu Aug 1 16:28:06 UTC 2019 (Ubuntu 4.4.0-159.187-generic 4.4.185)
[    0.000000] Command line: BOOT_IMAGE=/boot/vmlinuz-4.4.0-159-generic root=LABEL=cloudimg-rootfs ro console=tty1 console=ttyS0
[    0.000000] KERNEL supported cpus:
[    0.000000]   Intel GenuineIntel
[    0.000000]   AMD AuthenticAMD
[    0.000000]   Centaur CentaurHauls
[    0.000000] x86/fpu: Legacy x87 FPU detected.
[    0.000000] e820: BIOS-provided physical RAM map:
[    0.000000] BIOS-e820: [mem 0x0000000000000000-0x000000000009fbff] usable
[    0.000000] BIOS-e820: [mem 0x000000000009fc00-0x000000000009ffff] reserved
[    0.000000] BIOS-e820: [mem 0x00000000000f0000-0x00000000000fffff] reserved
[    0.000000] BIOS-e820: [mem 0x0000000000100000-0x000000003ffeffff] usable
[    0.000000] BIOS-e820: [mem 0x000000003fff0000-0x000000003fffffff] ACPI data
[    0.000000] BIOS-e820: [mem 0x00000000fec00000-0x00000000fec00fff] reserved
[    0.000000] BIOS-e820: [mem 0x00000000fee00000-0x00000000fee00fff] reservd
[  0.00000] BIOS-e820: [mem 0x00000000fffc0000-0x00000000ffffffff] reserved
[    0.000000] NX (Execute Disable) protection: active
[    0.000000] SMBIOS 2.5 present.
[    0.000000] Hypervisor detected: KVM
[    0.000000] e820: last_pfn = 0x3fff0 max_arch_pfn = 0x40000000
[    0.000000] MTRR: Disabled
[    0.000000] x86/PAT: MTRRs disabled, skipping PAT initialization too.
[    0.000000] CPU MTRRs all blank - virtualized system.
[    0.000000] x86/PAT: Configuration [0-7]: WB  WT  UC- UC  WB  WT  UC- UC  
[    0.000000] found SMP MP-table at [mem 0x0009fff0-0x0009ffff] mapped at [ffff88000009fff0]
[    0.000000] Scanning 1 areas for low memory corruption
[    0.000000] RAMDISK: [mem 0x362f8000-0x37173fff]
[    0.000000] ACPI: Early table checksum verification disabled
[    0.000000] ACPI: RSDP 0x00000000000E0000 000024 (v02 VBOX  )
[    0.000000] ACPI: XSDT 0x000000003FFF0030 00003C (v01 VBOX   VBOXXSDT 00000001 ASL  00000061)
[    0.000000] ACPI: FACP 0x000000003FFF00F0 0000F4 (v04 VBOX   VBOXFACP 00000001 ASL  00000061)
[    0.000000] ACPI: DSDT 0x000000003FFF0470 0021FF (v02 VBOX   VBOXBIOS 00000002 INTL 20180105)
[    0.000000] ACPI: FACS 0x000000003FFF0200 000040
[    0.000000] ACPI: FACS 0x000000003FFF0200 000040
[    0.000000] ACPI: APIC 0x000000003FFF0240 00005C (v02 VBOX   VBOXAPIC 00000001 ASL  00000061)
[    0.000000] ACPI: SSDT 0x000000003FFF02A0 0001CC (v01 VBOX   VBOXCPUT 00000002 INTL 20180105)
[    0.000000] No NUMA configuration found
[    0.000000] Faking a node at [mem 0x0000000000000000-0x000000003ffeffff]
[    0.000000] NODE_DATA(0) allocated [mem 0x3ffeb000-0x3ffeffff]
[    0.000000] kvm-clock: Using msrs 4b564d01 and 4b564d00
[    0.000000] kvm-clock: cpu 0, msr 0:3ffe3001, primary cpu clock
[    0.000000] kvm-clock: using sched offset of 4837592438 cycles
[    0.000000] clocksource: kvm-clock: mask: 0xffffffffffffffff max_cycles: 0x1cd42e4dffb, max_idle_ns: 881590591483 ns
[    0.000000] Zone ranges:
[    0.000000]   DMA      [mem 0x0000000000001000-0x0000000000ffffff]
[    0.000000]   DMA32    [mem 0x0000000001000000-0x000000003ffeffff]
[    0.000000]   Normal   empty
[    0.000000]   Device   empty
[    0.000000] Movable zone start for each node
[    0.000000] Early memory node ranges
[    0.000000]   node   0: [mem 0x0000000000001000-0x000000000009efff]
[    0.000000]   node   0: [mem 0x0000000000100000-0x000000003ffeffff]
[    0.000000] Initmem setup node 0 [mem 0x0000000000001000-0x000000003ffeffff]
[    0.000000] ACPI: PM-Timer IO Port: 0x4008
[    0.000000] IOAPIC[0]: apic_id 2, version 32, address 0xfec00000, GSI 0-23
[    0.000000] ACPI: INT_SRC_OVR (bus 0 bus_irq 0 global_irq 2 dfl dfl)
[    0.000000] ACPI: INT_SRC_OVR (bus 0 bus_irq 9 global_irq 9 low level)
[    0.000000] Using ACPI (MADT) for SMP configuration information
[    0.000000]smpboot: Allowing 2 CPUs, 0 hotplug CPUs
[    0.000000] PM: Registered nosave memory: [mem 0x00000000-0x00000fff]
[    0.000000] PM: Registerd osav memory: [mem 0x0009f000-0x0009ffff]
[    0.000000] PM: Registered nosave memory: [mem 0x000a0000-0x000effff]
[    0.00000] PM: Registered nosave memory: [mem 0x000f0000-0x000fffff]
[    0.000000] e820: [mem 0x40000000-0xfebfffff] available for PCI devices
[    0.000000] Booting paravirtualized kernel on KVM
[    0.000000] clocksource: refined-jiffies: mask: 0xffffffff max_cycles: 0xffffffff, max_idle_ns: 7645519600211568 ns
[    0.000000] setup_percpu: NR_CPUS:512 nr_cpumask_bits:512 nr_cpu_ids:2 nr_node_ids:1
[    0.000000] PERCPU: Embedded 34 pages/cpu @ffff88003fc00000 s99544 r8192 d31528 u1048576
[    0.000000] Built 1 zonelists in Node order, mobility grouping on.  Total pages: 257912
[    0.000000] Policy zone: DMA32
[    0.000000] Kernel command line: BOOT_IMAGE=/boot/vmlinuz-4.4.0-159-generic root=LABEL=cloudimg-rootfs ro console=tty1 console=ttyS0
[    0.000000] PID hash table entries: 4096 (order: 3, 32768 bytes)
[    0.000000] Memory: 997724K/1048120K available (8618K kernel code, 1335K rwdata, 4032K rodata, 1488K init, 1284K bss, 50396K reserved, 0K cma-reserved)
[    0.000000] SLUB: HWalign=64, Order=0-3, MinObjects=0, CPUs=2, Nodes=1
[    0.000000] Kernel/User page tables isolation: enabled
[    0.000000] Hierarcical RCU implementation.
[    0.000000] 	Build-time adjustment of leaf fanout to 64.
[    0.000000] 	RCU restricting CPUs from NR_CPUS=512 to nr_cpu_ids=2.
[    0.000000] RCU: Adjusting geometry for rcu_fanout_leaf=64, nr_cpu_ids=2
[    0.000000] NR_IRQS:33024 nr_irqs:440 16
[    0.000000] Console: colour VGA+ 80x25
[    0.000000] console [tty1] enabled
[    0.000000] console [ttyS0] enabled
[    0.000000] tsc: Detected 2992.498 MHz processor
[    2.717511] Calibrating delay loop (skipped) preset value.. 5984.99 BogoMIPS (lpj=11969992)
[    2.720401] pid_max: default: 32768 minimum: 301
[    2.721917] ACPI: Core revision 20150930
[    2.724567] ACPI: 2 ACPI AML tables successfully acquired and loaded
[    2.726697] Security Framework initialized
[    2.728124] Yama: becoming mindful.
[    2.729485] AppArmor: AppArmor initialized
[    2.731059] Dentry cache hash table entries: 131072 (order: 8, 1048576 bytes)
[    2.733626] Inode-cache hash table entries: 65536 (order: 7, 524288 bytes)
[    2.735883] Mount-cache hash table entries: 2048 (order: 2, 16384 bytes)
[    2.737846] Mountpoint-cache hash table entries: 2048 (order: 2, 16384 bytes)
[    2.740684] Initializing cgroup subsys io
[    2.742079] Initializing cggroup subsys memory
[    2.772372] Initializing cgroup subsys devices
[    2.853308] Initializing cgroup subsys freezer
[    2.854798] Initializing cgroup subsys net_cls
[    2.856324] Initializing cgroup subsys perf_event
[    2.857871] Initializing cgroup subsys net_prio
[    2.859386] Initializing cgroup subsys hugetlb
[    2.860881] Initializing cgroup subsys pids
[    2.862423] mce: CPU supports 0 MCE banks
[    2.863887] Last level iTLB entries: 4KB 128, 2MB 4, 4MB 4
[    2.865589] Last level dTLB entries: 4KB 256, 2MB 0, 4MB 32, 1GB 0
[    2.867489] Spectre V1 : Mitigation: usercopy/swapgs barriers and __user pointer sanitization
[    2.870312] Spectre V2 : Mitigation: Full generic retpoline
[    2.888015] Spectre V2 : Spectre v2 / SpectreRSB mitigation: Filling RSB on context switch
[    2.890774] Speculative Store Bypass: Vulnerable
[    2.893115] MDS: Vulnerable: Clear CPU buffers attempted, no microcode
[    2.898756] Freeing SMP alternatives memory: 36K
[    2.916278] ftrace: allocating 32318 entries in 127 pages
[    2.996230] smpboot: APIC(0) Converting physical 0 to logical package 0
[    3.111759] smpboot: Max logical packages: 1
[    3.113797] x2apic enabled
[    3.115460] Switched APIC routing to physical x2apic.
[    3.119477] ..TIMER: vector=0x30 apic1=0 pin1=2 apic2=-1 pin2=-1
[    3.229448] APIC calibration not consistent with PM-Timer: 101ms instead of 100ms
[    3.232044] APIC delta adjusted to PM-Timer: 6228632 (6317759)
[    3.233888] smpboot: CPU0: Intel(R) Core(TM)2 Duo CPU     E8400  @ 3.00GHz (family: 0x6, model: 0x17, stepping: 0xa)
[    3.237445] Performance Events: unsupported p6 CPU model 23 no PMU driver, software events only.
[    3.339007] KVM setup paravirtual spinlock
[    3.342054] x86: Booting SMP configuration:
[    3.343472] .... node  #0, CPUs:      #1
[    3.344835] kvm-clock: cpu 1, msr 0:3ffe3041, secondary cpu clock
[    3.357479] mce: CPU supports 0 MCE banks
[    3.360643] x86: Booted up 1 node, 2 CPUs
[    3.362497] smpboot: Total of 2 processors activated (11969.99 BogoMIPS)
[    3.365074] devtmpfs: initialized
[    3.368793] evm: security.selinux
[    3.371142] evm: security.SMACK64
[    3.372412] evm: security.SMACK64EXEC
[    3.373723] evm: security.SMACK64TRANSMUTE
[    3.375149] evm: security.SMACK64MMAP
[    3.378249] evm: security.ima
[    3.379421] evm: security.capability
[    3.380933] clocksource: jiffies: mask: 0xffffffff max_cycles: 0xffffffff, max_idle_ns: 7645041785100000 ns
[    3.384061] futex hash table entries: 512 (order: 3, 32768 bytes)
[    3.386081] pinctrl core: initialized pinctrl subsystem
[    3.387915] RTC time: 16:49:08, date: 08/22/19
[    3.389806] NET: Registered protocol family 16
[    3.400952] cpuidle: using governor ladder
[    3.412981] cpuidle: using governor menu
[    3.414411] PCCT header not found.
[    3.415718] ACPI: bus type PCI registered
[    3.417158] acpiphp: ACPI Hot Plug PCI Controller Driver version: 0.5
[    3.419179] PCI: Using configuration type 1 for base access
[    3.433797] ACPI: Added _OSI(Module Device)
[    3.443002] ACPI: Added _OSI(Processor Device)
[    3.444486] ACPI: Added _OSI(3.0 _SCP Extensions)
[    3.446027] ACPI: Added _OSI(Processor Aggregator Device)
[    3.509807] ACPI: Executed 1 blocks of module-level executable AML code
[    3.541759] ACPI: Interpreter enabled
[    3.543092] ACPI: (supports S0 S5)
[    3.544366] ACPI: Using IOAPIC for interrupt routing
[    3.546153] PCI: Using host bridge windows from ACPI; if necessary, use "pci=nocrs" and report a bug
[    3.553679] ACPI: PCI Root Bridge [PCI0] (domain 0000 [bus 00-ff])
[    3.555531] acpi PNP0A03:00: _OSC: OS supports [ASPM ClockPM Segments MSI]
[    3.557562] acpi PNP0A03:00: _OSC: not requesting OS control; OS requires [ExtendedConfig ASPM ClockPM MSI]
[    3.560670] acpi PNP0A03:00: fail to add MMCONFIG information, can't access extended PCI configuration space under this bridge.
[    3.571131] PCI host bridge to bus 0000:00
[    3.572561] pci_bus 0000:00: root bus resource [io  0x0000-0x0cf7 window]
[    3.574539] pci_bus 0000:00: root bus resource [io  0x0d00-0xffff window]
[    3.576523] pci_bus 0000:00: root bus resource [mem 0x000a0000-0x000bffff window]
[    3.585801] pci_bus 0000:00: root bus resource [mem 0x40000000-0xfdffffff window]
[    3.588399] pci_bus 0000:00: root bus resource [bus 00-ff]
[    3.592197] pci 0000:00:01.1: legacy IDE quirk: reg 0x10: [io  0x01f0-0x01f7]
[    3.685503] pci 0000:00:01.1: legacy IDE quirk: reg 0x14: [io  0x03f6]
[    3.757037] pci 0000:00:01.1: legacy IDE quirk: reg 0x18: [io  0x0170-0x0177]
[    3.825555] pci 0000:00:01.1: legacy IDE quirk: reg 0x1c: [io  0x0376]
[    3.933611] pci 0000:00:07.0: quirk: [io  0x4000-0x403f] claimed by PIIX4 ACPI
[    3.941631] pci 0000:00:07.0: quirk: [io  0x4100-0x410f] claimed by PIIX4 SMB
[    3.974119] ACPI: PCI Interrupt Link [LNKA] (IRQs 5 9 10 *11)
[    3.977908] ACPI: PCI Interrupt Link [LNKB] (IRQs 5 9 *10 11)
[    3.980390] ACPI: PCI Interrupt Link [LNKC] (IRQs 5 *9 10 11)
[    3.982795] ACPI: PCI Interrupt Link [LNKD] (IRQs 5 9 10 *11)
[    3.985333] ACPI: Enabled 2 GPEs in block 00 to 07
[    3.988004] vgaarb: setting as boot device: PCI:0000:00:02.0
[    3.989759] vgaarb: device added: PCI:0000:00:02.0,decodes=io+mem,owns=io+mem,locks=none
[    3.992498] vgaarb: loaded
[    3.993610] vgaarb: bridge control possible 0000:00:02.0
[    3.997035] SCSI subsystem initialized
[    4.004170] ACPI: bus type USB registered
[    4.005618] usbcore: registered new interface driver usbfs
[    4.007352] usbcore: registered new interface driver hub
[    4.009050] usbcore: registered new device driver usb
[    4.011130] PCI: Using ACPI for IRQ routing
[    4.013246] NetLabel: Initializing
[    4.014506] NetLabel:  domain hash size = 128
[    4.015997] NetLabel:  protocols = UNLABELED CIPSOv4
[    4.017629] NetLabel:  unlabeled traffic allowed by default
[    4.019798] amd_nb: Cannot enumerate AMD northbridges
[    4.039776] clocksource: Switched to clocksource kvm-clock
[  4.071131] AppArmor: AppArmor Filesystem Enabled
[    4.15259] pnp: PnP ACPI init
    4.261391] pnp: PnP ACPI: found 3 devices

[    4.304389] clocksource: acpi_pm: mask: 0xffffff max_cycles: 0xffffff, max_idle_ns: 2085701024 ns
[    4.307437] NET: Registered protocol family 2
[    4.309492] TCP established hash table entries: 8192 (order: 4, 65536 bytes)
[    4.311657] TCP bind hash table entries: 8192 (order: 5, 131072 bytes)
[    4.313664] TCP: Hash tables configured (established 8192 bind 8192)
[    4.315718] UDP hash table entries: 512 (order: 2, 16384 bytes)
[    4.317644] UDP-Lite hash table entries: 512 (order: 2, 16384 bytes)
[    4.319734] NET: Registered protocol family 1
[    4.3215] pci 0000:00:00.0: Limiting direct PCI/PCI transfers
[    4.384356] pci 0000:00:01.0: Activating ISA DMA hang workarounds
[    4.386561] Unpacking initramfs...
[  4.645274] Freeing initrd memory: 14832K
[    4.706923] clocksource: tsc: mask: 0xffffffffffffffff max_cycles: 0x2b2296bc2b9, max_idle_ns: 440795321505 ns
[    4.710172] platform rtc_cmos: registered platform RTC device (no PNP device found)
[    4.712955] Scanning for low memory corruption every 60 seconds

[    4.716043] audit: initializing netlink subsys (disabled)
[    4.717829] audit: type=2000 audit(1566492552.605:1): initialized
[    4.720316] Initialise system trusted keyring
[    4.722249] HugeTLB registered 2 MB page size, pre-allocated 0 pages
[    4.735816] zbud: loaded
[    4.737370] VFS: Disk quotas dquot_6.6.0
[    4.738860] VFS: Dquot-cache hash table entries: 512 (order 0, 4096 bytes)
[    4.741370] squashfs: version 4.0 (2009/01/31) Phillip Lougher
[    4.743695] fuse init (API version 7.23)
[    4.745396] Key type big_key registered
[    4.746842] Allocating IMA MOK and blacklist keyrings.
[    4.749964] Key type asymmetric registered
[    4.751459] Asymmetric key parser 'x509' registered
[    4.753246] Block layer SCSI generic (bsg) driver version 0.4 loaded (major 249)
[    4.756132] io scheduler noop registered
[    4.781617] io scheduler deadline registered (default)
[    4.783390] io scheduler cfq registered
[    4.801653] pci_hotplug: PCI Hot Plug PCI Core version: 0.5
[    4.803474] pciehp: PCI Express Hot Plug Controller Driver version: 0.4
[    4.861023] ACPI: AC Adapter [AC] (on-line)
[    4.862642] input: Power Button as /devices/LNXSYSTM:00/LNXPWRBN:00/input/input0
[    4.877405] ACPI: Power Button [PWRF]
[    4.918174] input: Sleep Button as /devices/LNXSYSTM:00/LNXSLPBN:00/input/input1
[    4.920911] ACPI: Sleep Button [SLPF]
[    4.922579] GHES: HEST is not enabled!
[    4.978158] Serial: 8250/16550 driver, 32 ports, IRQ sharing enabled
[    5.003173] 00:02: ttyS0 at I/O 0x3f8 (irq = 4, base_baud = 115200) is a 16550A
[    5.023317] Linux agpgart interface v0.103
[    5.027683] loop: module loaded
[    5.029876] scsi host0: ata_piix
[    5.031325] scsi host1: ata_piix
[    5.032676] ata1: PATA max UDMA/33 cmd 0x1f0 ctl 0x3f6 bmdma 0xd000 irq 14
[    5.034775] ata2: PATA max UDMA/33 cmd 0x170 ctl 0x376 bmdma 0xd008 irq 15
[    5.046651] libphy: Fixed MDIO Bus: probed
[    5.049173] tun: Universal TUN/TAP device driver, 1.6
[    5.052004] tun: (C) 1999-2004 Max Krasnyansky <maxk@qualcomm.com>
[    5.054063] PPP generic driver version 2.4.2
[    5.055738] ehci_hcd: USB 2.0 'Enhanced' Host Controller (EHCI) Driver
[    5.060528] ehci-pci: EHCI PCI platform driver
[    5.062106] ehci-platform: EHCI generic platform driver
[    5.063870] ohci_hcd: USB 1.1 'Open' Host Controller (OHCI) Driver
[    5.065819] ohci-pci: OHCI PCI platform driver
[    5.067389] ohci-platform: OHCI generic platform driver
[    5.124752] uhci_hcd: USB Universal Host Controller Interface driver
[    5.158837] i8042: PNP: PS/2 Controller [PNP0303:PS2K,PNP0f03:PS2M] at 0x60,0x64 irq 1,12
[    5.182834] serio: i8042 KBDport at 0x60,0x64 irq 1

[    5.272982] serio: i8042 AUX port at 0x60,0x64 irq 12
[    5.282697] mousedev: PS/2 mouse device common for all mice
[    5.286270] input: AT Translated Set 2 keyboard as /devices/platform/i8042/serio0/input/input2
[    5.288179] rtc_cmos rtc_cmos: rtc core: registered rtc_cmos as rtc0
[    5.288311] rtc_cmos rtc_cmos: alarms up to one day, 114 bytes nvram
[    5.288320] i2c /dev entries driver
[    5.288403] device-mapper: uevent: version 1.0.3
[    5.288485] device-mapper: ioctl: 4.34.0-ioctl (2015-10-28) initialised: dm-devel@redhat.com
[    5.288518] ledtrig-cpu: registered to indicate activity on CPUs
[    5.288953] NET: Registered protocol family 10
[    5.289361] NET: Registered protocol family 17
[    5.289381] Key type dns_resolver registered
[    5.289729] registered taskstats version 1
[    5.289759] Loading compiled-in X.509 certificates
[    5.290714] Loaded X.509 cert 'Build time autogenerated kernel key: d14182f9795b80ec340f636a5a08bf5817ccd8e7'
[    5.290736] zswap: loaded using pool lzo/zbud
[    5.303459] Key type trusted registered
[    5.330901] Key type encrypted registered
[    5.330905] AppArmor: AppArmor sha1 policy hashing enabled
[    5.330923] ima: No TPM chip found, activating TPM-bypass!
[    5.330927] ima: Allocated hash algorithm: sha1
[    5.330958] evm: HMAC attrs: 0x1
[    5.331326]   Magic number: 15:151:844
[    5.331752] rtc_cmos rtc_cmos: setting system clock to 2019-08-22 16:49:10 UTC (1566492550)
[    5.331935] BIOS EDD facility v0.16 2004-Jun-25, 0 devices found
[    5.331935] EDD information not available.
[    5.415528] Freeing unused kernel memory: 1488K
[    5.431804] Write protecting the kernel read-only data: 14336k
[    5.447017] Freeing unused kernel memory: 1608K
[    5.448870] Freeing unused kernel memory: 64K
Loading, please wait...
starting version 229
[    5.591171] random: systemd-udevd: uninitialized urandom read (16 bytes read, 2 bits of entropy available)
[    5.598381] random: systemd-udevd: uninitialized urandom read (16 bytes read, 2 bits of entropy available)
[    5.603595] random: udevadm: uninitialized urandom read (16 bytes read, 2 bits of entropy available)
[    5.603822] random: udevadm: uninitialized urandom read (16 bytes read, 2 bits of entropy available)
[    5.613758] random: systemd-udevd: uninitialized urandom read (16 bytes read, 2 bits of entropy available)
[    5.618772] random: systemd-udevd: uninitialized urandom read (16 bytes read, 2 bits of entropy available)
[    5.654673] random: systemd-udevd: uninitialized urandom read (16 bytes read, 2 bits of entropy available)
[    5.659637] random: systemd-udevd: uninitialized urandom read (16 bytes read, 2 bits of entropy available)
[    5.666189] random: systemd-udevd: uninitialized urandom read (16 bytes read, 2 bits of entropy available)
[    5.675485] random: systemd-udevd: uninitialized urandom read (16 bytes read, 2 bits of entropy available)
[    6.035165] e1000: Intel(R) PRO/1000 Network Driver - version 7.3.21-k8-NAPI
[    6.038716] e1000: Copyright (c) 1999-2006 Intel Corporation.
[    6.047882] Fusion MPT base driver 3.04.20
[    6.061225] Copyright (c) 1999-2008 LSI Corporation
[    6.219370] Fusion MPT SPI Host driver 3.04.20
[    6.275676] input: ImExPS/2 Generic Explorer Mouse as /devices/platform/i8042/serio1/input/input4
[    6.600021] e1000 0000:00:03.0 eth0: (PCI:33MHz:32-bit) 02:52:2e:48:de:28
[    6.611546] e1000 0000:00:03.0 eth0: Intel(R) PRO/1000 Network Connection
[    6.616046] mptbase: ioc0: Initiating bringup
[    6.618347] e1000 0000:00:03.0 enp0s3: renamed from eth0
[    6.699886] ioc0: LSI53C1030 A0: Capabilities={Initiator}
[    8.611300] scsi host2: ioc0: LSI53C1030 A0, FwRev=00000000h, Ports=1, MaxQ=256, IRQ=20
[   10.114034] scsi 2:0:0:0: Direct-Access     VBOX     HARDDISK         1.0  PQ: 0 ANSI: 5
[   10.142090] scsi target2:0:0: Beginning Domain Validation
[   10.232603] scsi target2:0:0: Domain Validation skipping write tests
[   10.234546] scsi target2:0:0: Ending Domain Validation
[   10.236291] scsi target2:0:0: asynchronous
[   10.238343] scsi 2:0:1:0: Direct-Access     VBOX     HARDDISK         1.0  PQ: 0 ANSI: 5
[   10.241164] scsi target2:0:1: Beginning Domain Validation
[   10.292572] scsi target2:0:1: Domain Validation skipping write tests
[   10.294503] scsi target2:0:1: Ending Domain Validation
[   10.296262] scsi target2:0:1: asynchronous
[   10.306429] sd 2:0:0:0: [sda] 20971520 512-byte logical blocks: (10.7 GB/10.0 GiB)
[   10.309638] sd 2:0:0:0: Attached scsi generic sg0 type 0
[   10.311443] sd 2:0:0:0: [sda] Write Protect is off
[   10.331264] sd 2:0:1:0: [sdb] 20480 512-byte logical blocks: (10.5 MB/10.0 MiB)
[   10.358130] sd 2:0:1:0: Attached scsi generic sg1 type 0
[   10.361044] sd 2:0:0:0: [sda] Incomplete mode parameter data
[   10.361045] sd 2:0:0:0: [sda] Assuming drive cache: write through
[   10.365707] sd 2:0:1:0: [sdb] Write Protect is off
[   10.366485]  sda: sda1
[   10.392600] sd 2:0:0:0: [sda] Attached SCSI disk
[   10.394582] sd 2:0:1:0: [sdb] Incomplete mode parameter data
[   10.396470] sd 2:0:1:0: [sdb] Assuming drive cache: write through
[   10.420463] sd 2:0:1:0: [sdb] Attached SCSI disk
Begin: Loading essential drivers ... [   12.801799] md: linear personality registered for level -1
[   12.831161] md: multipath personality registered for level -4
[   12.879780] md: raid0 personality registered for level 0
[   12.919588] md: raid1 personality registered for level 1
[   13.039769] raid6: sse2x1   gen()  4534 MB/s
[   13.111775] raid6: sse2x1   xor()  4708 MB/s
[   13.179783] raid6: sse2x2   gen()  5897 MB/s
[   13.247767] raid6: sse2x2   xor()  6031 MB/s
[   13.315773] raid6: sse2x4   gen()  8732 MB/s
[   13.383770] raid6: sse2x4   xor()  6828 MB/s
[   13.385220] raid6: using algorithm sse2x4 gen() 8732 MB/s
[   13.386902] raid6: .... xor() 6828 MB/s, rmw enabled
[   13.388512] raid6: using ssse3x2 recovery algorithm
[   13.392083] xor: measuring software checksum speed
[   13.439767]    prefetch64-sse: 11638.000 MB/sec
[   13.479771]    generic_sse:  9640.000 MB/sec
[   13.481277] xor: using function: prefetch64-sse (11638.000 MB/sec)
[   13.488418] async_tx: api initialized (async)
[   13.522946] md: raid6 personality registered for level 6
[   13.532333] md: raid5 personality registered for level 5
[   13.534076] md: raid4 personality registered for level 4
[   13.593519] md: raid10 personality registered for level 10
done.
Begin: Running /scripts/init-premount ... done.
Begin: Mounting root file system ... Begin: Running /scripts/local-top ... done.
Begin: Running /scripts/local-premount ... [   13.749117] Btrfs loaded
Scanning for Btrfs filesystems
done.
Warning: fsck not present, so skipping root file system
[   13.968826] EXT4-fs (sda1): mounted filesystem with ordered data mode. Opts: (null)
done.
Begin: Running /scripts/local-bottom ... done.
Begin: Running /scripts/init-bottom ... done.
[   14.792424] systemd[1]: systemd 229 running in system mode. (+PAM +AUDIT +SELINUX +IMA +APPARMOR +SMACK +SYSVINIT +UTMP +LIBCRYPTSETUP +GCRYPT +GNUTLS +ACL +XZ -LZ4 +SECCOMP +BLKID +ELFUTILS +KMOD -IDN)
[   14.806655] systemd[1]: Detected virtualization oracle.
[   14.808386] systemd[1]: Detected architecture x86-64.

Welcome to [1mUbuntu 16.04.6 LTS[0m!

[   14.833243] systemd[1]: Set hostname to <ubuntu>.
[   14.850402] systemd[1]: Initializing machine ID from random generator.
[   14.852601] systemd[1]: Installed transient /etc/machine-id file.
[   15.163970] random: nonblocking pool is initialized
[   15.854208] systemd[1]: Started Trigger resolvconf update for networkd DNS.
[[0;32m  OK  [0m] Started Trigger resolvconf update for networkd DNS.
[   15.958709] systemd[1]: Reached target System Time Synchronized.
[[0;32m  OK  [0m] Reached target System Time Synchronized.
[   15.962469] systemd[1]: Reached target Encrypted Volumes.
[[0;32m  OK  [0m] Reached target Encrypted Volumes.
[   15.966126] systemd[1]: Listening on LVM2 poll daemon socket.
[[0;32m  OK  [0m] Listening on LVM2 poll daemon socket.
[   15.971212] systemd[1]: Created slice System Slice.
[[0;32m  OK  [0m] Created slice System Slice.
[   16.008213] systemd[1]: Listening on Journal Socket (/dev/log).
[[0;32m  OK  [0m] Listening on Journal Socket (/dev/log).
[   16.012841] systemd[1]: Created slice system-serial\x2dgetty.slice.
[[0;32m  OK  [0m] Created slice system-serial\x2dgetty.slice.
[   16.022337] systemd[1]: Listening on Syslog Socket.
[[0;32m  OK  [0m] Listening on Syslog Socket.
[   16.025879] systemd[1]: Listening on Journal Audit Socket.
[[0;32m  OK  [0m] Listening on Journal Audit Socket.
[   16.030071] systemd[1]: Set up automount Arbitrary Executable File Formats File System Automount Point.
[[0;32m  OK  [0m] Set up automount Arbitrary Executab...ats File System Automount Point.
[   16.036358] systemd[1]: Created slice User and Session Slice.
[[0;32m  OK  [0m] Created slice User and Session Slice.
[   16.040789] systemd[1]: Reached target Slices.
[[0;32m  OK  [0m] Reached target Slices.
[   16.044174] systemd[1]: Listening on Journal Socket.
[[0;32m  OK  [0m] Listening on Journal Socket.
[   16.069462] systemd[1]: Starting Journal Service...
         Starting Journal Service...
[   16.093965] systemd[1]: Mounting POSIX Message Queue File System...
         Mounting POSIX Message Queue File System...
[   16.116784] systemd[1]: Starting Remount Root and Kernel File Systems...
         Starting Remount Root and Kernel File Systems...
[   16.131475] systemd[1]: Mounting Debug File System...
         Mounting Debug File System...
[   16.183521] EXT4-fs (sda1): re-mounted. Opts: (null)
[   16.195256] systemd[1]: Starting Uncomplicated firewall...
         Starting Uncomplicated firewall...
[   16.329096] systemd[1]: Starting Create list of required static device nodes for the current kernel...
         Starting Create list of required st... nodes for the current kernel...
[   16.363201] systemd[1]: Starting Set console keymap...
         Starting Set console keymap...
[   16.448376] systemd[1]: Starting Load Kernel Modules...
         Starting Load Kernel Modules...
[   16.480694] systemd[1]: Mounting Huge Pages File System...
         Mounting Huge Pages File System...
[   16.502068] systemd[1]: Listening on Device-mapper event daemon FIFOs.
[[0;32m  OK  [0m] Listening on Device-mapper event daemon FIFOs.
[   16.509254] systemd[1]: Listening on LVM2 metadata daemon socket.
[[0;32m  OK  [0m] Listening on LVM2 metadata daemon socket.
[   16.515462] systemd[1]: Listening on udev Kernel Socket.
[[0;32m  OK  [0m] Listening on udev Kernel Socket.
[   16.521960] systemd[1]: Listening on /dev/initctl Compatibility Named Pipe.
[[0;32m  OK  [0m] Listening on /dev/initctl Compatibility Named Pipe.
[   16.528812] systemd[1]: Listening on udev Control Socket.
[[0;32m  OK  [0m] Listening on udev Control Socket.
[   16.542707] systemd[1]: Started Forward Password Requests to Wall Directory Watch.
[[0;32m  OK  [0m] Started Forward Password Requests to Wall Directory Watch.
[   16.554247] systemd[1]: Reached target Swap.
[[0;32m  OK  [0m] Reached target Swap.
[   16.589513] systemd[1]: Starting Monitoring of LVM2 mirrors, snapshots etc. using dmeventd or progress polling...
[   16.594823] Loading iSCSI transport class v2.0-870.
         Starting Monitoring of LVM2 mirrors... dmeventd or progress polling...
[   16.608736] systemd[1]: Reached target User and Group Name Lookups.
[[0;32m  OK  [0m] Reached target User and Group Name Lookups.
[   16.625267] systemd[1]: Starting Nameserver information manager...
         Starting Nameserver information manager...
[   16.682397] iscsi: registered transport (tcp)
[   16.718955] systemd[1]: Mounted Debug File System.
[[0;32m  OK  [0m] Mounted Debug File System.
[   16.733697] systemd[1]: Mounted Huge Pages File System.
[[0;32m  OK  [0m] Mounted Huge Pages File System.
[   16.748121] systemd[1]: Mounted POSIX Message Queue File System.
[[0;32m  OK  [0m] Mounted POSIX Message Queue File System.
[   16.771812] systemd[1]: Started Journal Service.
[[0;32m  OK  [0m] Started Journal Service.
[[0;32m  OK  [0m] Started Remount Root and Kernel File Systems.
[[0;32m  OK  [0m] Started Uncomplicated firewall.
[[0;32m  OK  [0m] Started Create list of required sta...ce nodes for the current kernel.
[[0;32m  OK  [0m] Started Set console keymap.
[   16.880504] iscsi: registered transport (iser)
[[0;32m  OK  [0m] Started Load Kernel Modules.
[[0;32m  OK  [0m] Started Nameserver information manager.
         Mounting FUSE Control File System...
         Starting Apply Kernel Variables...
[[0;32m  OK  [0m] Started LVM2 metadata daemon.
         Starting Create Static Device Nodes in /dev...
         Starting udev Coldplug all Devices...
         Starting Load/Save Random Seed...
         Starting Flush Journal to Persistent Storage...
[[0;32m  OK  [0m] Mounted FUSE Control File System.
[[0;32m  OK  [0m] Started Apply Kernel Variables.
[[0;32m  OK  [0m] Started Create Static Device Nodes in /dev.
[[0;32m  OK  [0m] Started Load/Save Random Seed.
[[0;32m  OK  [0m] Started Monitoring of LVM2 mirrors,...ng dmeventd or progress polling.
         Starting udev Kernel Device Manager...
[[0;32m  OK  [0m] Reached target Local File Systems (Pre).
[[0;32m  OK  [0m] Reached target Local File Systems.
         Starting Set console font and keymap...
         Starting Commit a transient machine-id on disk...
         Starting LSB: AppArmor initialization...
         Starting Tell Plymouth To Write Out Runtime Data...
         Starting Initial cloud-init job (pre-networking)...
[[0;32m  OK  [0m] Started Flush Journal to Persistent Storage.
[[0;32m  OK  [0m] Started Commit a transient machine-id on disk.
[[0;32m  OK  [0m] Started Tell Plymouth To Write Out Runtime Data.
         Starting Create Volatile Files and Directories...
[[0;32m  OK  [0m] Started udev Kernel Device Manager.
[[0;32m  OK  [0m] Started udev Coldplug all Devices.
[[0;32m  OK  [0m] Started Dispatch Password Requests to Console Directory Watch.
[[0;32m  OK  [0m] Started Create Volatile Files and Directories.
         Starting Update UTMP about System Boot/Shutdown...
[[0;32m  OK  [0m] Started Update UTMP about System Boot/Shutdown.
[[0;32m  OK  [0m] Found device /dev/ttyS0.
[[0;32m  OK  [0m] Listening on Load/Save RF Kill Switch Status /dev/rfkill Watch.
[[0;32m  OK  [0m] Started LSB: AppArmor initialization.
[   21.163825] cloud-init[463]: Cloud-init v. 19.1-1-gbaa47854-0ubuntu1~16.04.1 running 'init-local' at Thu, 22 Aug 2019 16:49:28 +0000. Up 19.52 seconds.
[[0;32m  OK  [0m] Started Initial cloud-init job (pre-networking).
[[0;32m  OK  [0m] Reached target Network (Pre).
         Starting Raise network interfaces...
[[0;32m  OK  [0m] Started Set console font and keymap.
[[0;32m  OK  [0m] Created slice system-getty.slice.
[[0;32m  OK  [0m] Started Raise network interfaces.
[[0;32m  OK  [0m] Reached target Network.
         Starting Initial cloud-init job (metadata service crawler)...
[   27.320644] cloud-init[940]: Cloud-init v. 19.1-1-gbaa47854-0ubuntu1~16.04.1 running 'init' at Thu, 22 Aug 2019 16:49:33 +0000. Up 24.75 seconds.
[   27.382590] cloud-init[940]: ci-info: ++++++++++++++++++++++++++++++++++++++Net device info++++++++++++++++++++++++++++++++++++++
[   27.385987] cloud-init[940]: ci-info: +--------+------+----------------------------+---------------+--------+-------------------+
[   27.425464] cloud-init[940]: ci-info: | Device |  Up  |          Address           |      Mask     | Scope  |     Hw-Address    |
[   27.459558] cloud-init[940]: ci-info: +--------+------+----------------------------+---------------+--------+-------------------+
[   27.462901] cloud-init[940]: ci-info: | enp0s3 | True |         10.0.2.15          | 255.255.255.0 | global | 02:52:2e:48:de:28 |
[   27.489354] cloud-init[940]: ci-info: | enp0s3 | True | fe80::52:2eff:fe48:de28/64 |       .       |  link  | 02:52:2e:48:de:28 |
[   27.495088] cloud-init[940]: ci-info: |   lo   | True |         127.0.0.1          |   255.0.0.0   |  host  |         .         |
[[0;32m  OK  [0m] Started Initial cloud-init job (metadata service crawler).
[   27.517234] cloud-init[940]: ci-info: |   lo   | True |          ::1/128           |       .       |  host  |         .         |
[   27.532498] cloud-init[940]: ci-info: +--------+------+----------------------------+---------------+--------+-------------------+
[[0;32m  OK  [0m] Reached target Cloud-config availability.
[   27.533070] cloud-init[940]: ci-info: +++++++++++++++++++++++++++Route IPv4 info++++++++++++++++++++++++++++
[[0;32m  OK  [0m] Reached target Network is Online.
[   27.545110] cloud-init[940]: ci-info: +-------+-------------+----------+---------------+-----------+-------+
[   27.561695] cloud-init[940]: ci-info: | Route | Destination | Gateway  |    Genmask    | Interface | Flags |
[   27.566199] cloud-init[940]: ci-info: +-------+-------------+----------+---------------+-----------+-------+
[   27.580697] cloud-init[940]: ci-info: |   0   |   0.0.0.0   | 10.0.2.2 |    0.0.0.0    |   enp0s3  |   UG  |
[   27.606883] cloud-init[940]: ci-info: |   1   |   10.0.2.0  | 0.0.0.0  | 255.255.255.0 |   enp0s3  |   U   |
[   27.607271] cloud-init[940]: ci-info: +-------+-------------+----------+---------------+-----------+-------+
[   27.616358] cloud-init[940]: ci-info: +++++++++++++++++++Route IPv6 info+++++++++++++++++++
[   27.616737] cloud-init[940]: ci-info: +-------+-------------+---------+-----------+-------+
[   27.616974] cloud-init[940]: ci-info: | Route | Destination | Gateway | Interface | Flags |
[   27.617208] cloud-init[940]: ci-info: +-------+-------------+---------+-----------+-------+
[   27.617451] cloud-init[940]: ci-info: |   0   |  fe80::/64  |    ::   |   enp0s3  |   U   |
[   27.617724] cloud-init[940]: ci-info: |   4   |   ff00::/8  |    ::   |   enp0s3  |   U   |
[   27.617958] cloud-init[940]: ci-info: +-------+-------------+---------+-----------+-------+
[   27.619084] cloud-init[940]: Generating public/private rsa key pair.
[   27.619521] cloud-init[940]: Your identification has been saved in /etc/ssh/ssh_host_rsa_key.
[   27.619758] cloud-init[940]: Your public key has been saved in /etc/ssh/ssh_host_rsa_key.pub.
[   27.620031] cloud-init[940]: The key fingerprint is:
[   27.620266] cloud-init[940]: SHA256:IK+qrdH37zFd5dr3GjKy3lia1SUhhkao4oJl3jAf3xw root@ubuntu-xenial
[   27.620507] cloud-init[940]: The key's randomart image is:
[   27.620741] cloud-init[940]: +---[RSA 2048]----+
[   27.620980] cloud-init[940]: |         ..      |
[   27.621207] cloud-init[940]: |        .. .     |
[   27.621440] cloud-init[940]: |    . ..  o o o  |
[   27.621680] cloud-init[940]: |  = oo..E. . + . |
[   27.621950] cloud-init[940]: | = * +.oS.  . o .|
[   27.622179] cloud-init[940]: |..o +.. o. . + o |
[   27.622461] cloud-init[940]: |. ..o   o o * + .|
[   27.622695] cloud-init[940]: | o o .   o X o o.|
[   27.622934] cloud-init[940]: |ooo   .oo.* . ...|
[   27.623163] cloud-init[940]: +----[SHA256]-----+
[   27.623396] cloud-init[940]: Generating public/private dsa key pair.
[   27.623635] cloud-init[940]: Your identification has been saved in /etc/ssh/ssh_host_dsa_key.
[   27.623868] cloud-init[940]: Your public key has been saved in /etc/ssh/ssh_host_dsa_key.pub.
[   27.624148] cloud-init[940]: The key fingerprint is:
[   27.624392] cloud-init[940]: SHA256:xC7WDKUZacAU5Hf7TUeoVfLwH8Cp/dAiVgocAEpEXjE root@ubuntu-xenial
[   27.624622] cloud-init[940]: The key's randomart image is:
[   27.624862] cloud-init[940]: +---[DSA 1024]----+
[   27.625096] cloud-init[940]: |  oB=E+o+.. +.o  |
[   27.625328] cloud-init[940]: |  o.+ +* o   @.  |
[   27.625569] cloud-init[940]: |   o..= + . B =. |
[   27.625802] cloud-init[940]: |     . B . B = o.|
[   27.626040] cloud-init[940]: |      o S o o = .|
[   27.626271] cloud-init[940]: |     . . . o . . |
[   27.626547] cloud-init[940]: |          . .    |
[   27.626789] cloud-init[940]: |                 |
[   27.627021] cloud-init[940]: |                 |
[   27.627249] cloud-init[940]: +----[SHA256]-----+
[   27.627490] cloud-init[940]: Generating public/private ecdsa key pair.
[   27.627722] cloud-init[940]: Your identification has been saved in /etc/ssh/ssh_host_ecdsa_key.
         Starting iSCSI initiator daemon (iscsid)...
[   27.635762] cloud-init[940]: Your public key has been saved in /etc/ssh/ssh_host_ecdsa_key.pub.
[[0;32m  OK  [0m] Reached target System Initialization.
[   27.770240] cloud-init[940]: The key fingerprint is:
[   27.813164] cloud-init[940]: SHA256:E764caXQcxQBG1vY6Ajt5ZtlRCVIb50s+g1Q9zl98xw root@ubuntu-xenial
[[0;32m  OK  [0m] Listening on ACPID Listen Socket.
[   27.813549] cloud-init[940]: The key's randomart image is:
[   27.861181] cloud-init[940]: +---[ECDSA 256]---+
[   27.861508] cloud-init[940]: |     . .+BBoo    |
         Starting LXD - unix socket.
[   27.862428] cloud-init[940]: |    . . =Bo* o o |
[   27.880702] cloud-init[940]: |     o ==.= + +Eo|
[   27.884511] cloud-init[940]: |      ooo*o.   o=|
[[0;32m  OK  [0m] Started ACPI Events Check.
[   27.885343] cloud-init[940]: |      . S=+     o|
[[0;32m  OK  [0m] Reached target Paths.
[   27.888304] cloud-init[940]: |       ooO o     |
[[0;32m  OK  [0m] Started Daily Cleanup of Temporary Directories.
[   27.894518] cloud-init[940]: |      o + . .    |
[   27.916510] cloud-init[940]: |       +         |
[   27.916954] cloud-init[940]: |      .          |
[[0;32m  OK  [0m] Listening on D-Bus System Message Bus Socket.
[   27.917650] cloud-init[940]: +----[SHA256]-----+
[   27.927376] cloud-init[940]: Generating public/private ed25519 key pair.
[[0;32m  OK  [0m] Started Daily apt download activities.
[   27.928033] cloud-init[940]: Your identification has been saved in /etc/ssh/ssh_host_ed25519_key.
[[0;32m  OK  [0m] Started Daily apt upgrade and clean activities.
[   27.932636] cloud-init[940]: Your public key has been saved in /etc/ssh/ssh_host_ed25519_key.pub.
[[0;32m  OK  [0m] Reached target Timers.
[   27.936717] cloud-init[940]: The key fingerprint is:
[   27.951807]          cloud-initStarting Socket activation for snappy daemon.[940]: 
SHA256:aPjebfc3ZgfGOTFJkaNlyvudqlYeWg0NGb9MA4tvCwI root@ubuntu-xenial
[   27.958062] [cloud-init[0;32m  OK  [0m[940]: ] The key's randomart image is:Listening on UUID daemon activation socket.

[   27.958697] cloud-init[940]: +--[ED25519 256]--+
[   27.988622] cloud-init[940]: |             o+o |
[[0;32m  OK  [0m] Listening on LXD - unix socket.
[   27.990862] cloud-init[940]: |            .oX  |
[   28.004667] [cloud-init[0;32m  OK  [0m[940]: ] |       E   o Bo* |Listening on Socket activation for snappy daemon.

[   28.005361] cloud-init[940]: |     . ..   =.*.o|
[   28.035194] [cloud-init[0;32m  OK  [0m[940]: ] |    . o S. . =o* |Started iSCSI initiator daemon (iscsid).

[   28.035744] cloud-init[940]: |     o    . ++B. |
[   28.063018] cloud-init[940]: |      .     =+.+.|
[   28.077504] cloud-init[940]: |     . . ..o...=+|
[   28.082403] cloud-init[940]: |      . ..oo.o=.o|
[   28.087734] cloud-init[940]: +----[SHA256]-----+
         Starting Login to default iSCSI targets...
[[0;32m  OK  [0m] Reached target Sockets.
[[0;32m  OK  [0m] Reached target Basic System.
[[0;32m  OK  [0m] Started D-Bus System Message Bus.
         Starting LXD - container startup/shutdown...
[[0;32m  OK  [0m] Started FUSE filesystem for LXC.
[[0;32m  OK  [0m] Started Deferred execution scheduler.
         Starting /etc/rc.local Compatibility...
         Starting Virtualbox guest utils...
         Starting Accounts Service...
         Starting Login Service...
         Starting System Logging Service...
         Starting Pollinate to seed the pseudo random number generator...
         Starting LSB: MD monitoring daemon...
         Starting LSB: Record successful boot for GRUB...
         Starting Snappy daemon...
[[0;32m  OK  [0m] Started Regular background program processing daemon.
[[0;32m  OK  [0m] Started ACPI event daemon.
[[0;32m  OK  [0m] Started System Logging Service.
[[0;32m  OK  [0m] Started /etc/rc.local Compatibility.
[[0;32m  OK  [0m] Started Login to default iSCSI targets.
[[0;32m  OK  [0m] Started Login Service.
[[0;32m  OK  [0m] Started Unattended Upgrades Shutdown.
         Starting Authenticate and Authorize Users to Run Privileged Tasks...
[[0;32m  OK  [0m] Reached target Remote File Systems (Pre).
[[0;32m  OK  [0m] Reached target Remote File Systems.
         Starting LSB: Set the CPU Frequency Scaling governor to "ondemand"...
         Starting LSB: daemon to balance interrupts for SMP systems...
         Starting Permit User Sessions...
         Starting LSB: automatic crash report generation...
[[0;32m  OK  [0m] Started Permit User Sessions.
         Starting Terminate Plymouth Boot Screen...
         Starting Hold until boot process finishes up...
[[0;32m  OK  [0m] Started LSB: Record successful boot for GRUB.
[[0;32m  OK  [0m] Started Hold until boot process finishes up.
[[0;32m  OK  [0m] Started Authenticate and Authorize Users to Run Privileged Tasks.
[[0;32m  OK  [0m] Started Serial Getty on ttyS0.
[[0;32m  OK  [0m] Started Getty on tty1.
[[0;32m  OK  [0m] Reached target Login Prompts.
         Starting Set console scheme...
[[0;32m  OK  [0m] Started LSB: MD monitoring daemon.
[[0;32m  OK  [0m] Started Accounts Service.
[[0;32m  OK  [0m] Started Terminate Plymouth Boot Screen.
[[0;32m  OK  [0m] Started Set console scheme.
[[0;32m  OK  [0m] Started LXD - container startup/shutdown.
[[0;32m  OK  [0m] Started LSB: Set the CPU Frequency Scaling governor to "ondemand".
[[0;32m  OK  [0m] Started LSB: daemon to balance interrupts for SMP systems.
[[0;32m  OK  [0m] Started Virtualbox guest utils.
[[0;32m  OK  [0m] Started LSB: automatic crash report generation.
[[0;32m  OK  [0m] Started Snappy daemon.
         Starting Wait until snapd is fully seeded...
[[0;32m  OK  [0m] Started Pollinate to seed the pseudo random number generator.
         Starting OpenBSD Secure Shell server...
[[0;32m  OK  [0m] Started OpenBSD Secure Shell server.
[[0;32m  OK  [0m] Created slice User Slice of vagrant.
[[0;32m  OK  [0m] Started Session 1 of user vagrant.
         Starting User Manager for UID 1000...
[[0;32m  OK  [0m] Started User Manager for UID 1000.

Ubuntu 16.04.6 LTS ubuntu-xenial ttyS0

ubuntu-xenial login: [   38.519069] cloud-init[1378]: Generating locales (this might take a while)...
[   42.011542] cloud-init[1378]:   en_US.UTF-8... done
[   42.012875] cloud-init[1378]: Generation complete.
[   43.680919] cloud-init[1378]: Cloud-init v. 19.1-1-gbaa47854-0ubuntu1~16.04.1 running 'modules:config' at Thu, 22 Aug 2019 16:49:46 +0000. Up 37.70 seconds.
ci-info: no authorized ssh keys fingerprints found for user ubuntu.
<14>Aug 22 16:49:53 ec2: 
<14>Aug 22 16:49:53 ec2: #############################################################
<14>Aug 22 16:49:53 ec2: -----BEGIN SSH HOST KEY FINGERPRINTS-----
<14>Aug 22 16:49:53 ec2: 1024 SHA256:xC7WDKUZacAU5Hf7TUeoVfLwH8Cp/dAiVgocAEpEXjE root@ubuntu-xenial (DSA)
<14>Aug 22 16:49:53 ec2: 256 SHA256:E764caXQcxQBG1vY6Ajt5ZtlRCVIb50s+g1Q9zl98xw root@ubuntu-xenial (ECDSA)
<14>Aug 22 16:49:53 ec2: 256 SHA256:aPjebfc3ZgfGOTFJkaNlyvudqlYeWg0NGb9MA4tvCwI root@ubuntu-xenial (ED25519)
<14>Aug 22 16:49:53 ec2: 2048 SHA256:IK+qrdH37zFd5dr3GjKy3lia1SUhhkao4oJl3jAf3xw root@ubuntu-xenial (RSA)
<14>Aug 22 16:49:53 ec2: -----END SSH HOST KEY FINGERPRINTS-----
<14>Aug 22 16:49:53 ec2: #############################################################
-----BEGIN SSH HOST KEY KEYS-----
ecdsa-sha2-nistp256 AAAAE2VjZHNhLXNoYTItbmlzdHAyNTYAAAAIbmlzdHAyNTYAAABBBCBqy7IDj0JMyBwIZx6Ozhty/RpYoHGspHKCCOq5p3TGTjKUDkL++WqTbGnFz1HQGrKt4qYI5VSEjU/8RPfEw0I= root@ubuntu-xenial
ssh-ed25519 AAAAC3NzaC1lZDI1NTE5AAAAINNgLyBwktLAS755W/1KH1ImNkpDzt7hDrX6gz1OJlGg root@ubuntu-xenial
ssh-rsa AAAAB3NzaC1yc2EAAAADAQABAAABAQC6Y87++2M/VsoIGMn3HEj+KKO5TVlz+RSIA4EK4ct5lGEzM5v5wguc80TjUtzhA93rjFQ1AY6W0duugEua/1plXAJByEA+ls3bVdJfVEVsosRQUM+L2igxy4dp1Io6M+qqIAnCPuh5eWL5faoTrlPhrPOZCZslhLmUapytB9RDIixGlj278S2MZ2eIIIlxHbEQ/gGuMeCcvoVSvQFj8tJXPmNwuJ4RQxvYjDMlauKkerHzK6xzVohbr5uOR7VileQ3xA3lCG1LTFgC4tZ/t6xDUpgd8KZtKpNAuHtmyqvWEO1wciiE4vxk+5LAIq+4SbhU/4+taiGsItvEPIOgQZUP root@ubuntu-xenial
-----END SSH HOST KEY KEYS-----
[   45.444583] cloud-init[1523]: Cloud-init v. 19.1-1-gbaa47854-0ubuntu1~16.04.1 running 'modules:final' at Thu, 22 Aug 2019 16:49:53 +0000. Up 44.73 seconds.
[   45.445516] cloud-init[1523]: ci-info: no authorized ssh keys fingerprints found for user ubuntu.
[   45.446437] cloud-init[1523]: Cloud-init v. 19.1-1-gbaa47854-0ubuntu1~16.04.1 finished at Thu, 22 Aug 2019 16:49:54 +0000. Datasource DataSourceNoCloud [seed=/dev/sdb][dsmode=net].  Up 45.41 seconds
